Godot Engine v4.7.2.stable.official.ed1daf0bf - https://godotengine.org

[boot-probe] demo_ready t=2174
[boot-probe] utils_ready t=2176
[boot] title menu drawn t=2692
[boot-probe] controlui_ready t=2692
PASS full production shoot animation actually ran
PASS full shoot animation preserves the baseline engine RNG sequence
PRESENTATION_RNG {"legacy_draws":2,"matches_legacy":true,"observed":[281423862,4003354344,594874905,1034856252,3146507983,416822558],"sequence":[1832688661,2464180437,281423862,4003354344,594874905,1034856252,3146507983,416822558,1732806078]}
PASS cached Camp preserves the baseline RNG sequence for quality 0
PRESENTATION_CAMP_RNG {"draws":2,"expected_draws":2,"observed":[281423862,4003354344,594874905,1034856252,3146507983,416822558],"quality":0}
PASS cached Camp preserves the baseline RNG sequence for quality 1
PRESENTATION_CAMP_RNG {"draws":0,"expected_draws":0,"observed":[1832688661,2464180437,281423862,4003354344,594874905,1034856252],"quality":1}
PASS cached Camp preserves the baseline RNG sequence for quality 2
PRESENTATION_CAMP_RNG {"draws":0,"expected_draws":0,"observed":[1832688661,2464180437,281423862,4003354344,594874905,1034856252],"quality":2}
PASS cached Camp preserves the baseline RNG sequence for quality 3
PRESENTATION_CAMP_RNG {"draws":0,"expected_draws":0,"observed":[1832688661,2464180437,281423862,4003354344,594874905,1034856252],"quality":3}
PASS cached Camp preserves the baseline RNG sequence for quality 4
PRESENTATION_CAMP_RNG {"draws":0,"expected_draws":0,"observed":[1832688661,2464180437,281423862,4003354344,594874905,1034856252],"quality":4}
PASS cached Camp preserves the baseline RNG sequence for quality 5
PRESENTATION_CAMP_RNG {"draws":2,"expected_draws":2,"observed":[281423862,4003354344,594874905,1034856252,3146507983,416822558],"quality":5}
PRESENTATION_RNG checks=8 failures=0
[leave] save on the way out success=true web=false
