Godot Engine v4.7.2.stable.official.ed1daf0bf - https://godotengine.org

[boot-probe] demo_ready t=2155
[boot-probe] utils_ready t=2157
[boot] title menu drawn t=2677
[boot-probe] controlui_ready t=2677
PASS B14 charge capped at 0.8 seconds
PASS release consumes once
PASS B14 full rail max eight distinct actual hits; ninth excluded
PASS full charge actual 2.5 multiplier
PASS charge cancel switch
PASS charge cancel pause
PASS charge cancel reload
PASS charge cancel death
PASS charge cancel camp
PASS rail wall blocks
PASS prism actual intersecting three beams
PASS cone angle and range real exclusion
PASS thermal finite timed burn actual damage
PASS thermal same source refresh has one record
PASS thermal pause clears sustained state
PASS burn expires
M3 ENERGY SUMMARY checks=16 failures=0
