Godot Engine v4.7.2.stable.official.ed1daf0bf - https://godotengine.org
Vulkan 1.3.277 - Forward+ - Using Device #0: AMD - AMD Radeon RX 7900 XT

[boot-probe] demo_ready t=3012
[boot-probe] utils_ready t=3014
[boot] title menu drawn t=3547
[boot-probe] controlui_ready t=3548
PASS visual fixture enters real Stage40
PASS visual fixture enters real Stage40
PASS visual fixture enters real Stage40
PASS visual fixture enters real Stage40
PASS real enemy spawned E14
PASS visual fixture enters real Stage40
PASS real enemy spawned E13
PASS visual fixture enters real Stage40
PASS real enemy spawned E04
PASS visual fixture enters real Stage40
PASS real enemy spawned E06
PASS visual fixture enters real Stage40
PASS real enemy spawned E07
PASS visual fixture enters real Stage40
PASS real enemy spawned E15
B14_ATTACK_VISUAL images=86 failures=0
