Godot Engine v4.7.2.stable.official.ed1daf0bf - https://godotengine.org

SCRIPT ERROR: Parse Error: Mixed use of tabs and spaces for indentation.
   at: GDScript::reload (res://ui/CampPanel.gd:227)
   GDScript backtrace (most recent call first):
       [0] @implicit_new (res://autoload/Utils.gd:3)
ERROR: Failed to load script "res://ui/CampPanel.gd" with error "Parse error".
   at: load (modules/gdscript/gdscript_resource_format.cpp:46)
   GDScript backtrace (most recent call first):
       [0] @implicit_new (res://autoload/Utils.gd:3)
[boot-probe] demo_ready t=2045
[boot-probe] utils_ready t=2047
[boot] title menu drawn t=2579
[boot-probe] controlui_ready t=2579
PASS purchase 0
PASS purchase 1
PASS purchase 2
PASS purchase 3
PASS purchase 4
PASS purchase 5
PASS purchase 6
PASS purchase 7
PASS purchase 124
PASS independent fixed seven-slot loadout exists
PASS full loadout does not silently replace on purchase
PASS remove non-current slot
PASS removed slot remains empty
PASS explicitly replace with weapon 124
PASS new weapon actually becomes current
PASS clear all seven slots
PASS clear all is idempotent
PASS clear truly disarms and empties
PASS ownership and wallet preserved
PASS ammo preserved 0
PASS ammo preserved 1
PASS ammo preserved 2
PASS ammo preserved 3
PASS ammo preserved 4
PASS ammo preserved 5
PASS ammo preserved 6
PASS ammo preserved 7
PASS ammo preserved 124
PASS explicit empty loadout serialized
PASS isolated save writes
PASS isolated save reloads
PASS empty survives reload
PASS reconfigure fixed last slot
PASS no compacting or autofill
PASS combat cannot edit carry configuration
PASS combat cannot remove slot
B14 SUMMARY checks=36 failures=0
