Godot Engine v4.7.2.stable.official.ed1daf0bf - https://godotengine.org

[boot-probe] demo_ready t=2203
[boot-probe] utils_ready t=2204
[boot] title menu drawn t=2721
[boot-probe] controlui_ready t=2722
PASS the product's own region builder produced a live arena
PASS the live scene really has surfaces the player collides with (15 of 15: 13 static, 2 tile)
PASS ...and the audit reaches the TileSet physics layers, not only the static bodies
PASS every surface the player's mask collides with also carries the shot's wall layer (offenders: none)
PASS the solid body of RewardNpc carries the wall bit, so a shot still stops on it (layer 2147483649)
PASS the solid body of MapNpc carries the wall bit, so a shot still stops on it (layer 2147483649)
PASS the camp's solid NPC bodies were found for the blocking check (2)
PASS SnowWorld.tscn publishes blocking surfaces even without being in the tree (2 found)
PASS ...and they are surfaces the player collides with (2)
PASS SnowWorld blocks shots with exactly the same layers as Town (offenders: none)
PASS a fresh projectile masks the wall layer alone (2147483648)
PASS ...and publishes itself on no layer, as before
PASS layer 1 is NOT in the mask, which is what removes the per-monster exceptions
PASS control: an unobstructed projectile travels the whole corridor (+215 px of 125)
PASS the projectile is not stopped by a monster (layer 3) (reached +140 px of +40 px)
PASS the projectile is not stopped by the hero's own layer (25) (reached +140 px of +40 px)
PASS a real monster spawns in the corridor for the body half
PASS a real monster publishes no layer the shot masks (3)
PASS the projectile flies straight through a real monster body (reached +140 px)
PASS ...and the monster takes no damage from it (2.0 -> 2.0)
PASS ...and is not pushed by it (moved 0.00 px)
PASS a real monster spawns in the corridor for the mask-delta half
PASS old configuration: an unexcluded monster DOES stop the shot, which is why the old behaviour depended on spawn order (+30 px of +40 px)
PASS shipped configuration: the same monster does not stop the same shot (reached +140 px)
PASS arena geometry (layer 32) stops the projectile on its near face (stopped at +25 px of a +32 px face)
PASS a town-style slab (layer 1+32) stops the projectile on its near face (stopped at +25 px of a +32 px face)
PASS the live arena's own border wall is found by its authored shape
PASS ...and it publishes exactly the shot's layer (2147483648)
PASS the run at the real wall starts in open space, so the stop is not a stuck start (+55 px)
PASS the LIVE arena wall stops the projectile on its near face (17435.0 < 17445.0)
PASS region R2 ((120.0, 80.0)) blocks the projectile (stopped at +35 px of a +40 px face)
PASS region R3 ((218.0, 26.0)) blocks the projectile (stopped at +35 px of a +40 px face)
PASS region R4 ((172.0, 26.0)) blocks the projectile (stopped at +35 px of a +40 px face)
PASS region R5 ((28.0, 178.0)) blocks the projectile (stopped at +35 px of a +40 px face)
PASS region R6 ((62.0, 62.0)) blocks the projectile (stopped at +35 px of a +40 px face)
PASS region R7 ((150.0, 66.0)) blocks the projectile (stopped at +30 px of a +40 px face)
PASS region R8 ((64.0, 64.0)) blocks the projectile (stopped at +35 px of a +40 px face)
PASS all 7 authored regions were exercised (7)
PASS every authored region table blocked the shot (7/7)
PASS a projectile that reaches the player still registers a real hit (0 -> 1)
PASS ...and the hit really took health (5 -> 4)
PASS a projectile that lands is consumed
PASS a real tremor shooter spawns for the integration half
PASS a real sentinel's projectile carries the wall-only mask (2147483648)
PASS a real sentinel really did produce projectiles (1)
PASS the round's own projectile factory recorded the sentinel's shot (created 18 -> 19)
PASS no per-monster collision exception was added anywhere (rewrite detector: the old fan-out would raise this counter)
PASS a fresh projectile records the current epoch
PASS an epoch change still retires the old epoch's projectiles
PASS a projectile whose owner is alive keeps flying
PASS ...and is retired the moment its owner dies
PASS a projectile younger than 3.2 s is still in flight
PASS a projectile still dies of old age at 3.2 s
PASS a projectile spawned after the epoch bump still carries the wall-only mask (2147483648)
B11_SHOT_LAYER checks=54 failures=0
[leave] save on the way out success=true web=false
