Godot Engine v4.7.2.stable.official.ed1daf0bf - https://godotengine.org

[boot-probe] demo_ready t=2171
[boot-probe] utils_ready t=2173
[boot] title menu drawn t=2690
[boot-probe] controlui_ready t=2690
PASS real magazine readout 100
PASS 100-round magazine graphic 100
PASS HUD and hand share the same texture
PASS real magazine readout 60
PASS 100-round magazine graphic 60
PASS HUD and hand share the same texture
PASS real magazine readout 1
PASS 100-round magazine graphic 1
PASS HUD and hand share the same texture
PASS real magazine readout 0
PASS 100-round magazine graphic 0
PASS HUD and hand share the same texture
PASS reload readout follows real gun state
PASS unarmed HUD clears icon and names the state
PASS damage display precision 0.875
PASS damage display precision 1.0
PASS damage display precision 150.0
PASS damage display precision 0.001
PASS damage display precision 12.5
PASS status feedback is not converted to numeric zero
PASS bounded reusable muzzle 121
PASS bounded reusable muzzle 122
PASS bounded reusable muzzle 124
PASS bounded reusable muzzle 111
PASS bounded reusable muzzle 113
PASS bounded reusable muzzle 115
PASS bounded reusable muzzle 116
PASS bounded reusable muzzle 117
PASS bounded reusable muzzle 118
PASS bounded reusable muzzle 119
PASS bounded reusable muzzle 120
PASS bounded reusable muzzle 112
PASS bounded reusable muzzle 114
PASS bounded reusable muzzle 123
PASS bounded reusable muzzle 0
PASS bounded reusable muzzle 1
PASS bounded reusable muzzle 2
PASS bounded reusable muzzle 3
PASS bounded reusable muzzle 4
PASS bounded reusable muzzle 5
PASS bounded reusable muzzle 6
PASS bounded reusable muzzle 7
PASS bounded reusable muzzle 8
PASS bounded reusable muzzle 9
PASS muzzle decoration consumes no gameplay RNG
PASS muzzle fully stops on interruption
PASS thermal ticks reuse one actual-footprint visual
PASS visual reuse preserves the real 0.1-second ammunition tick
PASS thermal release ends its visual immediately
PASS optional player burst slots remain bounded
PASS budget never discards resolved paths
PASS optional slots return to zero after cleanup
PRESENTATION_CONTRACTS checks=52 failures=0
[leave] save on the way out success=true web=false
