Godot Engine v4.7.2.stable.official.ed1daf0bf - https://godotengine.org

[boot-probe] demo_ready t=2217
[boot-probe] utils_ready t=2219
[boot] title menu drawn t=2729
[boot-probe] controlui_ready t=2729
PASS starter rosters unchanged
PASS ordinary authored roster >=80 percent stage 21
PASS horde and live-special budgets stage 21
PASS safe spawn ring never shortened stage 21
PASS ordinary authored roster >=80 percent stage 22
PASS horde and live-special budgets stage 22
PASS safe spawn ring never shortened stage 22
PASS ordinary authored roster >=80 percent stage 23
PASS horde and live-special budgets stage 23
PASS safe spawn ring never shortened stage 23
PASS ordinary authored roster >=80 percent stage 24
PASS horde and live-special budgets stage 24
PASS safe spawn ring never shortened stage 24
PASS ordinary authored roster >=80 percent stage 25
PASS horde and live-special budgets stage 25
PASS safe spawn ring never shortened stage 25
PASS ordinary authored roster >=80 percent stage 26
PASS horde and live-special budgets stage 26
PASS safe spawn ring never shortened stage 26
PASS ordinary authored roster >=80 percent stage 27
PASS horde and live-special budgets stage 27
PASS safe spawn ring never shortened stage 27
PASS ordinary authored roster >=80 percent stage 28
PASS horde and live-special budgets stage 28
PASS safe spawn ring never shortened stage 28
PASS ordinary authored roster >=80 percent stage 29
PASS horde and live-special budgets stage 29
PASS safe spawn ring never shortened stage 29
PASS ordinary authored roster >=80 percent stage 31
PASS horde and live-special budgets stage 31
PASS safe spawn ring never shortened stage 31
PASS ordinary authored roster >=80 percent stage 32
PASS horde and live-special budgets stage 32
PASS safe spawn ring never shortened stage 32
PASS ordinary authored roster >=80 percent stage 33
PASS horde and live-special budgets stage 33
PASS safe spawn ring never shortened stage 33
PASS ordinary authored roster >=80 percent stage 34
PASS horde and live-special budgets stage 34
PASS safe spawn ring never shortened stage 34
PASS ordinary authored roster >=80 percent stage 35
PASS horde and live-special budgets stage 35
PASS safe spawn ring never shortened stage 35
PASS ordinary authored roster >=80 percent stage 36
PASS horde and live-special budgets stage 36
PASS safe spawn ring never shortened stage 36
PASS ordinary authored roster >=80 percent stage 37
PASS horde and live-special budgets stage 37
PASS safe spawn ring never shortened stage 37
PASS ordinary authored roster >=80 percent stage 38
PASS horde and live-special budgets stage 38
PASS safe spawn ring never shortened stage 38
PASS ordinary authored roster >=80 percent stage 39
PASS horde and live-special budgets stage 39
PASS safe spawn ring never shortened stage 39
PASS all shared spawn sources and promotions obey live mix budget
PASS actual late ordinary initialized speed is bounded
PASS actual late ordinary initialized speed is bounded
PASS actual late ordinary initialized speed is bounded
PASS actual late ordinary initialized speed is bounded
PASS actual late ordinary initialized speed is bounded
PASS actual late ordinary initialized speed is bounded
PASS actual late ordinary initialized speed is bounded
PASS actual late ordinary initialized speed is bounded
PASS actual late ordinary initialized speed is bounded
PASS actual late ordinary initialized speed is bounded
PASS actual late ordinary initialized speed is bounded
PASS actual late ordinary initialized speed is bounded
PASS actual late ordinary initialized speed is bounded
PASS actual late ordinary initialized speed is bounded
PASS actual late ordinary initialized speed is bounded
PASS actual late ordinary initialized speed is bounded
PASS actual late ordinary initialized speed is bounded
PASS actual late ordinary initialized speed is bounded
PASS actual late ordinary initialized speed is bounded
PASS actual late ordinary initialized speed is bounded
PASS actual late ordinary initialized speed is bounded
PASS actual late ordinary initialized speed is bounded
PASS actual late ordinary initialized speed is bounded
PASS actual late ordinary initialized speed is bounded
PASS actual late ordinary initialized speed is bounded
PASS actual late ordinary initialized speed is bounded
PASS actual late ordinary initialized speed is bounded
PASS actual late ordinary initialized speed is bounded
PASS actual late ordinary initialized speed is bounded
PASS existing total caps retained
PASS starter actual speed unchanged E01
PASS starter actual speed unchanged E02
B14_ENCOUNTER_CONTRACTS checks=88 failures=0
