Godot Engine v4.7.2.stable.official.ed1daf0bf - https://godotengine.org

[boot-probe] demo_ready t=2165
[boot-probe] utils_ready t=2167
[boot] title menu drawn t=2683
[boot-probe] controlui_ready t=2684
PASS T01 damage magnitude is the catalog value
PASS T02 fire rate magnitude is the catalog value
PASS T02 rank 1 matches its catalog step
PASS T03 reload magnitude is the catalog value
PASS T04 magazine magnitude is the catalog value
PASS T05 range magnitude is the catalog value
PASS T06 crit magnitude is the catalog value
PASS T07 HP magnitude is the catalog value
PASS T08 speed magnitude is the catalog value
PASS T09 pickup magnitude is the catalog value
PASS T18 impulse magnitude is the catalog value
PASS T10 full-stack rate is stacks x catalog step
PASS T12 first-shot magnitude is the rank-3 catalog value
PASS T12 rank 3 is +55 percent
PASS T15 burn applies
PASS T15 per-tick burn damage equals step x rank
PASS T15 burn tick deals real damage
PASS T17 slow magnitude is step x rank (cap 0.24)
PASS T21 elite multiplier is the rank-3 catalog value
PASS T22 density condition met
PASS T22 crowd multiplier is the rank-3 catalog value
PASS T13 B14 value: exactly two extra targets; fourth remains unharmed
PASS T14 arc deals exactly the catalog 50 percent rider
PASS T14 legendary values were deepened
PASS T16 kill blast deals the catalog 2.6
PASS T16 legendary radius was deepened
PASS T19 shield blocks one hit
PASS T19 legendary cooldown was deepened to 6s
PASS T19 same-frame follow-up still damages
PASS T23 echo deals exactly the catalog 40 percent of the critical hit
PASS T23 legendary radius was deepened
PASS T24 kill heal equals step x rank
PASS T01 rank 1 charges the common price 150
PASS T01 rank 2 charges 250
PASS T16 charges the legendary price 2400
PASS T02 rank 1 charges 2 points
PASS T02 rank 2 charges 3 points
B13_TALENT_EFFECTS_CHECKS 37 FAILURES 0
