Godot Engine v4.7.2.stable.official.ed1daf0bf - https://godotengine.org

[boot-probe] demo_ready t=2274
[boot-probe] utils_ready t=2275
[boot] title menu drawn t=2788
[boot-probe] controlui_ready t=2789
PASS underfunded upgrade refuses to charge 111
PASS upgrade charges exactly its catalog price 111
PASS underfunded upgrade refuses to charge 113
PASS upgrade charges exactly its catalog price 113
PASS underfunded upgrade refuses to charge 115
PASS upgrade charges exactly its catalog price 115
PASS underfunded upgrade refuses to charge 116
PASS upgrade charges exactly its catalog price 116
PASS underfunded upgrade refuses to charge 118
PASS upgrade charges exactly its catalog price 118
PASS underfunded upgrade refuses to charge 119
PASS upgrade charges exactly its catalog price 119
PASS underfunded upgrade refuses to charge 120
PASS upgrade charges exactly its catalog price 120
PASS underfunded upgrade refuses to charge 123
PASS upgrade charges exactly its catalog price 123
PASS underfunded upgrade refuses to charge 124
PASS upgrade charges exactly its catalog price 124
PASS underfunded upgrade refuses to charge 110
PASS upgrade charges exactly its catalog price 110
PASS underfunded upgrade refuses to charge 112
PASS upgrade charges exactly its catalog price 112
PASS underfunded upgrade refuses to charge 114
PASS upgrade charges exactly its catalog price 114
PASS underfunded upgrade refuses to charge 117
PASS upgrade charges exactly its catalog price 117
PASS underfunded upgrade refuses to charge 121
PASS upgrade charges exactly its catalog price 121
PASS underfunded upgrade refuses to charge 122
PASS upgrade charges exactly its catalog price 122
PASS underfunded upgrade refuses to charge 0
PASS upgrade charges exactly its catalog price 0
PASS underfunded upgrade refuses to charge 1
PASS upgrade charges exactly its catalog price 1
PASS underfunded upgrade refuses to charge 2
PASS upgrade charges exactly its catalog price 2
PASS underfunded upgrade refuses to charge 3
PASS upgrade charges exactly its catalog price 3
PASS underfunded upgrade refuses to charge 5
PASS upgrade charges exactly its catalog price 5
PASS underfunded upgrade refuses to charge 6
PASS upgrade charges exactly its catalog price 6
PASS underfunded upgrade refuses to charge 7
PASS upgrade charges exactly its catalog price 7
PASS underfunded upgrade refuses to charge 8
PASS upgrade charges exactly its catalog price 8
PASS underfunded upgrade refuses to charge 9
PASS upgrade charges exactly its catalog price 9
PASS talent gold charge equals the ladder T02/1
PASS talent point charge equals the ladder T02/2
PASS empty point wallet refuses without charge T02
PASS talent gold charge equals the ladder T02/3
PASS talent gold charge equals the ladder T05/1
PASS talent point charge equals the ladder T05/2
PASS empty point wallet refuses without charge T05
PASS talent gold charge equals the ladder T05/3
PASS talent gold charge equals the ladder T06/1
PASS talent point charge equals the ladder T06/2
PASS empty point wallet refuses without charge T06
PASS talent gold charge equals the ladder T06/3
PASS talent gold charge equals the ladder T07/1
PASS talent point charge equals the ladder T07/2
PASS empty point wallet refuses without charge T07
PASS talent gold charge equals the ladder T07/3
PASS talent gold charge equals the ladder T08/1
PASS talent point charge equals the ladder T08/2
PASS empty point wallet refuses without charge T08
PASS talent gold charge equals the ladder T08/3
PASS talent gold charge equals the ladder T09/1
PASS talent point charge equals the ladder T09/2
PASS empty point wallet refuses without charge T09
PASS talent gold charge equals the ladder T09/3
PASS talent gold charge equals the ladder T11/1
PASS talent point charge equals the ladder T11/2
PASS empty point wallet refuses without charge T11
PASS talent gold charge equals the ladder T11/3
PASS talent gold charge equals the ladder T12/1
PASS talent point charge equals the ladder T12/2
PASS empty point wallet refuses without charge T12
PASS talent gold charge equals the ladder T12/3
PASS talent gold charge equals the ladder T13/1
PASS talent gold charge equals the ladder T14/1
PASS talent gold charge equals the ladder T15/1
PASS talent point charge equals the ladder T15/2
PASS empty point wallet refuses without charge T15
PASS talent gold charge equals the ladder T15/3
PASS talent gold charge equals the ladder T17/1
PASS talent point charge equals the ladder T17/2
PASS empty point wallet refuses without charge T17
PASS talent gold charge equals the ladder T17/3
PASS talent gold charge equals the ladder T18/1
PASS talent point charge equals the ladder T18/2
PASS empty point wallet refuses without charge T18
PASS talent gold charge equals the ladder T18/3
PASS talent gold charge equals the ladder T19/1
PASS talent gold charge equals the ladder T20/1
PASS talent point charge equals the ladder T20/2
PASS empty point wallet refuses without charge T20
PASS talent gold charge equals the ladder T20/3
PASS talent gold charge equals the ladder T21/1
PASS talent point charge equals the ladder T21/2
PASS empty point wallet refuses without charge T21
PASS talent gold charge equals the ladder T21/3
PASS talent gold charge equals the ladder T22/1
PASS talent point charge equals the ladder T22/2
PASS empty point wallet refuses without charge T22
PASS talent gold charge equals the ladder T22/3
PASS talent gold charge equals the ladder T23/1
PASS talent gold charge equals the ladder T01/1
PASS talent point charge equals the ladder T01/2
PASS empty point wallet refuses without charge T01
PASS talent gold charge equals the ladder T01/3
PASS talent gold charge equals the ladder T03/1
PASS talent point charge equals the ladder T03/2
PASS empty point wallet refuses without charge T03
PASS talent gold charge equals the ladder T03/3
PASS talent gold charge equals the ladder T04/1
PASS talent point charge equals the ladder T04/2
PASS empty point wallet refuses without charge T04
PASS talent gold charge equals the ladder T04/3
PASS talent gold charge equals the ladder T10/1
PASS talent point charge equals the ladder T10/2
PASS empty point wallet refuses without charge T10
PASS talent gold charge equals the ladder T10/3
PASS talent gold charge equals the ladder T16/1
PASS talent gold charge equals the ladder T24/1
PASS talent point charge equals the ladder T24/2
PASS empty point wallet refuses without charge T24
PASS talent gold charge equals the ladder T24/3
PASS reset preview replays the mixed ledger exactly
PASS reset succeeds
PASS refund returns gold and points separately and exactly
PASS repeat reset refunds nothing
PASS the full talent build is the more expensive system (35250 vs 20620)
PASS legendary talent outranks every common upgrade
PASS legendary talent 2400 gold sits above the legendary upgrade band top (2000)
PASS legendary talent 2400 gold sits above the legendary upgrade band top (2000)
PASS legendary talent 2400 gold sits above the legendary upgrade band top (2000)
PASS legendary talent 2400 gold sits above the legendary upgrade band top (2000)
PASS legendary talent 2400 gold sits above the legendary upgrade band top (2000)
PASS demo wallet constant unchanged
PASS demo talent-point wallet constant unchanged
PASS fixture sanity: T01 rank-1 B13 gold price (150) is not the historical 100
PASS fixture sanity: T02 rank-2 B13 gold price (550) is not the historical flat 100
PASS fixture sanity: T02 rank-1 B13 point price (2) is not the historical 1
PASS a save carrying B12-era payment amounts validates
PASS write the B12-era save
PASS reload the B12-era save
PASS loading a B12-era save leaves every hardcoded payment amount untouched (100 gold / 1 point / 100 gold)
PASS reset preview replays the historical amounts paid (200 gold = 100+100, 1 point)
PASS resetting the historical plan succeeds
PASS the real wallet delta is exactly the historical refund (+200 gold / +1 point)
PASS the historical plan is fully cleared
PASS write the post-refund save
PASS reload after the historical refund
PASS the refunded historical amounts survive a save/reload untouched
PASS no payment reappears after the reload
PASS reset preview of the cleared account is 0 gold / 0 points
B13_ECONOMY_CHECKS 158 FAILURES 0
[leave] save on the way out success=true web=false
