Godot Engine v4.7.2.stable.official.ed1daf0bf - https://godotengine.org

[boot-probe] demo_ready t=2253
[boot-probe] utils_ready t=2255
[boot] title menu drawn t=2765
[boot-probe] controlui_ready t=2765
PASS fresh harness starts unarmed
PASS fresh account has no unequip intent
PASS buy the first gun
PASS fresh player's first gun auto-equips
PASS equipped gun 4 for the unequip
PASS unequip succeeds
PASS hero holds no weapon after unequip
PASS the dropped gun is inert (set_use(false))
PASS the dropped gun is hidden
PASS ownership fully retained
PASS explicit unequip intent is recorded
PASS snapshot stores equipped=""
PASS snapshot stores the unequip intent
PASS unarmed snapshot validates without a schema bump
PASS write the unarmed save
PASS reload the unarmed save
PASS reload restores the unarmed state
PASS reload preserves the explicit-unequip intent
PASS reload keeps both weapons owned
PASS buy a third gun while unarmed
PASS the new purchase did not auto-equip
PASS the intent survives purchases
PASS the purchased gun joined ownership
PASS manual panel-style equip works
PASS equip re-arms the player
PASS any successful equip clears the intent
PASS the save records the new equipped id
PASS unequip again
PASS unarmed again
FAIL hotkey-path equip works (WeaponListItem route)
FAIL hotkey re-equip restored gun 4
PASS unequip refuses while PREPARING
PASS unequip refuses while COMBAT
PASS unequip refuses while DEAD
PASS unequip refuses while RESOLVING
FAIL the refused unequips left the weapon equipped
FAIL CAMP is the one state where unequip succeeds
PASS the camp unequip left the player unarmed
PASS WASD/dash path runs unarmed without errors
PASS no grenade without a weapon
PASS talent status reads survive a null gun
PASS an unarmed shoot press spawns no projectile
PASS an unarmed shoot press deals no damage
PASS the player is unharmed by the unarmed shoot press
PASS an unarmed reload press consumes no reserve magazine
PASS the gun is still null after the unarmed reload press
PASS the dash path executes unarmed
PASS the unarmed dash completes without errors
PASS unarmed session returns to camp cleanly
PASS resurrect keeps the unarmed state and charges no ammo
PASS unequip without a weapon is a clean refusal
PASS player stat readout survives a null gun
B13_UNEQUIP_CHECKS 52 FAILURES 4
