Godot Engine v4.7.2.stable.official.ed1daf0bf - https://godotengine.org

[boot-probe] demo_ready t=2384
[boot-probe] utils_ready t=2386
[boot] title menu drawn t=2902
[boot-probe] controlui_ready t=2902
PASS purchase 0
PASS purchase 1
PASS purchase 2
PASS purchase 3
PASS purchase 4
PASS purchase 5
PASS purchase 6
PASS purchase 7
PASS purchase 124
PASS independent fixed seven-slot loadout exists
PASS full loadout does not silently replace on purchase
PASS remove non-current slot
PASS removed slot remains empty
PASS explicitly replace with weapon 124
PASS new weapon actually becomes current
PASS clear all seven slots
PASS clear all is idempotent
PASS clear truly disarms and empties
PASS ownership and wallet preserved
PASS ammo preserved 0
PASS ammo preserved 1
PASS ammo preserved 2
PASS ammo preserved 3
PASS ammo preserved 4
PASS ammo preserved 5
PASS ammo preserved 6
PASS ammo preserved 7
PASS ammo preserved 124
PASS explicit empty loadout serialized
PASS isolated save writes
PASS isolated save reloads
PASS empty survives reload
PASS reconfigure fixed last slot
PASS no compacting or autofill
PASS combat cannot edit carry configuration
PASS combat cannot remove slot
PASS all 24 owned
PASS fill fixed slot 0
PASS fill fixed slot 1
PASS fill fixed slot 2
PASS fill fixed slot 3
PASS fill fixed slot 4
PASS fill fixed slot 5
PASS fill fixed slot 6
PASS replace fixed slot 0
PASS replacement retains exact slot 0
PASS replace fixed slot 1
PASS replacement retains exact slot 1
PASS replace fixed slot 2
PASS replacement retains exact slot 2
PASS replace fixed slot 3
PASS replacement retains exact slot 3
PASS replace fixed slot 4
PASS replacement retains exact slot 4
PASS replace fixed slot 5
PASS replacement retains exact slot 5
PASS replace fixed slot 6
PASS replacement retains exact slot 6
PASS full loadout requires explicit slot
PASS 24th weapon can replace final slot
PASS empty magazine can equip
PASS camp equip consumes no ammunition
PASS legacy current gun beyond first seven stays reachable
PASS normalize invalid and duplicate slots without compacting
PASS remove each slot including empty 0
PASS remove each slot including empty 1
PASS remove each slot including empty 2
PASS remove each slot including empty 3
PASS remove each slot including empty 4
PASS remove each slot including empty 5
PASS remove each slot including empty 6
PASS all slots remain empty
PASS camp creates slot heading and row
PASS camp actually renders seven fixed slots
B14 SUMMARY checks=74 failures=0
