Godot Engine v4.7.2.stable.official.ed1daf0bf - https://godotengine.org

[boot-probe] demo_ready t=2381
[boot-probe] utils_ready t=2382
[boot] title menu drawn t=2900
[boot-probe] controlui_ready t=2900
PASS boss depart 10
PASS stage 10 spawns B01
PASS stage 10 fields B01
PASS stage 10 boss starts in Phase I
PASS B01 uses its authored HP
PASS B01 reached Phase II by real damage
PASS B01 reached Phase III by real damage
PASS B01 phase transitions have no live owned attack (sampled 50)
PASS B01 transition window was actually sampled
PASS B01 ran charge
PASS B01 ran charge during Phase 1
PASS B01 showed a real windup telegraph for charge in Phase 1
PASS B01 ran cleave
PASS B01 ran cleave during Phase 1
PASS B01 showed a real windup telegraph for cleave in Phase 1
PASS B01 ran slam
PASS B01 ran slam during Phase 1
PASS B01 showed a real windup telegraph for slam in Phase 1
PASS B01 ran charge
PASS B01 ran charge during Phase 3
PASS B01 showed a real windup telegraph for charge in Phase 3
PASS B01 ran slam
PASS B01 ran slam during Phase 3
PASS B01 showed a real windup telegraph for slam in Phase 3
PASS B01 ran shockwave
PASS B01 ran shockwave during Phase 3
PASS B01 showed a real windup telegraph for shockwave in Phase 3
PASS B01 entered Phase II exactly once
PASS B01 entered Phase III exactly once
PASS B01 fired its percentage ultimate
PASS B01 ultimate connected at least once
PASS B01 ultimate carries the authored percentage (0.30)
PASS B01 ultimate paid a percentage of maximum HP (0 of 1 boss hits)
PASS boss cleanup 10
PASS boss stage leaves no hazard 10
PASS camp is bright after 10
B5 BOSS ATTEMPT B01 #1 {"actions":{"armor_break":1,"armor_hit":15,"attack":16,"barrage_projectiles":184,"barrage_wave":9,"charge":12,"circle":7,"cleave":3,"dash_end":6,"phase_three":1,"phase_two":1,"shockwave":2,"shot":184,"slam":3,"summon":2,"ultimate":2,"ultimate_activated":2,"ultimate_hit":2,"windup_charge":6,"windup_cleave":3,"windup_shockwave":2,"windup_slam":5,"windup_ultimate":3},"authored_fraction":0.3,"boss":"B01","clear":true,"death":false,"durable_hp":400,"movement":5845.43059158325,"observe":true,"peak_owned_zones":1,"percentage_hits":1,"phase_three":true,"phase_two":true,"seconds":53.204,"shots":600,"stage":10,"transition_samples":50,"transition_violations":0,"warned_kinds":11,"warnings":7}
PASS B01 was really cleared by real fire (1 real attempt(s), outcomes ["clear"])
B5 BOSS {"actions":{"armor_break":1,"armor_hit":15,"attack":16,"barrage_projectiles":184,"barrage_wave":9,"charge":12,"circle":7,"cleave":3,"dash_end":6,"phase_three":1,"phase_two":1,"shockwave":2,"shot":184,"slam":3,"summon":2,"ultimate":2,"ultimate_activated":2,"ultimate_hit":2,"windup_charge":6,"windup_cleave":3,"windup_shockwave":2,"windup_slam":5,"windup_ultimate":3},"attempt_outcomes":["clear"],"attempts":1,"authored_fraction":0.3,"boss":"B01","clear":true,"death":false,"durable_hp":400,"movement":5845.43059158325,"observe":true,"peak_owned_zones":1,"percentage_hits":1,"phase_three":true,"phase_two":true,"seconds":53.204,"shots":600,"stage":10,"transition_samples":50,"transition_violations":0,"warned_kinds":11,"warnings":7}
PASS boss depart 20
PASS stage 20 spawns B02
PASS stage 20 fields B02
PASS stage 20 boss starts in Phase I
PASS B02 uses its authored HP
PASS B02 reached Phase II by real damage
PASS B02 reached Phase III by real damage
PASS B02 phase transitions have no live owned attack (sampled 52)
PASS B02 transition window was actually sampled
PASS B02 ran brood
PASS B02 ran brood during Phase 1
PASS B02 showed a real windup telegraph for brood in Phase 1
PASS B02 ran lockdown
PASS B02 ran lockdown during Phase 1
PASS B02 showed a real windup telegraph for lockdown in Phase 1
PASS B02 ran pulse
PASS B02 ran pulse during Phase 1
PASS B02 showed a real windup telegraph for pulse in Phase 1
PASS B02 ran toxic_zone
PASS B02 ran toxic_zone during Phase 3
PASS B02 showed a real windup telegraph for toxic_zone in Phase 3
PASS B02 ran root_shot
PASS B02 ran root_shot during Phase 3
PASS B02 showed a real windup telegraph for root_shot in Phase 3
PASS B02 ran brood
PASS B02 ran brood during Phase 3
PASS B02 showed a real windup telegraph for brood in Phase 3
PASS B02 entered Phase II exactly once
PASS B02 entered Phase III exactly once
PASS B02 fired its percentage ultimate
PASS B02 ultimate connected at least once
PASS B02 ultimate carries the authored percentage (0.28)
PASS B02 ultimate paid a percentage of maximum HP (1 of 8 boss hits)
PASS boss cleanup 20
PASS boss stage leaves no hazard 20
PASS camp is bright after 20
B5 BOSS ATTEMPT B02 #1 {"actions":{"attack":19,"barrage_projectiles":524,"barrage_wave":26,"brood":6,"circle":12,"cone":6,"contact":1,"field_refused":4,"lockdown":3,"phase_three":1,"phase_two":1,"pulse":3,"root_shot":2,"shot":524,"summon":24,"toxic_zone":3,"ultimate":2,"ultimate_activated":2,"ultimate_hit":1,"windup_brood":6,"windup_lockdown":4,"windup_pulse":4,"windup_root_shot":2,"windup_toxic_zone":3,"windup_ultimate":2},"authored_fraction":0.28,"boss":"B02","clear":true,"death":false,"durable_hp":400,"movement":6414.85439741611,"observe":true,"peak_owned_zones":3,"percentage_hits":8,"phase_three":true,"phase_two":true,"seconds":59.336,"shots":707,"stage":20,"transition_samples":52,"transition_violations":0,"warned_kinds":11,"warnings":9}
PASS B02 was really cleared by real fire (1 real attempt(s), outcomes ["clear"])
B5 BOSS {"actions":{"attack":19,"barrage_projectiles":524,"barrage_wave":26,"brood":6,"circle":12,"cone":6,"contact":1,"field_refused":4,"lockdown":3,"phase_three":1,"phase_two":1,"pulse":3,"root_shot":2,"shot":524,"summon":24,"toxic_zone":3,"ultimate":2,"ultimate_activated":2,"ultimate_hit":1,"windup_brood":6,"windup_lockdown":4,"windup_pulse":4,"windup_root_shot":2,"windup_toxic_zone":3,"windup_ultimate":2},"attempt_outcomes":["clear"],"attempts":1,"authored_fraction":0.28,"boss":"B02","clear":true,"death":false,"durable_hp":400,"movement":6414.85439741611,"observe":true,"peak_owned_zones":3,"percentage_hits":8,"phase_three":true,"phase_two":true,"seconds":59.336,"shots":707,"stage":20,"transition_samples":52,"transition_violations":0,"warned_kinds":11,"warnings":9}
PASS boss depart 30
PASS stage 30 spawns B03
PASS stage 30 fields B03
PASS stage 30 boss starts in Phase I
PASS B03 uses its authored HP
PASS B03 reached Phase II by real damage
PASS B03 reached Phase III by real damage
PASS B03 phase transitions have no live owned attack (sampled 50)
PASS B03 transition window was actually sampled
PASS B03 ran dash
PASS B03 ran dash during Phase 1
PASS B03 showed a real windup telegraph for dash in Phase 1
PASS B03 ran sweep
PASS B03 ran sweep during Phase 1
PASS B03 showed a real windup telegraph for sweep in Phase 1
PASS B03 ran burst
PASS B03 ran burst during Phase 1
PASS B03 showed a real windup telegraph for burst in Phase 1
PASS B03 ran cross_laser
PASS B03 ran cross_laser during Phase 3
PASS B03 showed a real windup telegraph for cross_laser in Phase 3
PASS B03 ran sweep
PASS B03 ran sweep during Phase 3
PASS B03 showed a real windup telegraph for sweep in Phase 3
PASS B03 ran burst
PASS B03 ran burst during Phase 3
PASS B03 showed a real windup telegraph for burst in Phase 3
PASS B03 entered Phase II exactly once
PASS B03 entered Phase III exactly once
PASS B03 fired its percentage ultimate
PASS B03 ultimate connected at least once
PASS B03 ultimate carries the authored percentage (0.33)
PASS B03 ultimate paid a percentage of maximum HP (1 of 11 boss hits)
PASS boss cleanup 30
PASS boss stage leaves no hazard 30
PASS camp is bright after 30
B5 BOSS ATTEMPT B03 #1 {"actions":{"attack":24,"barrage_projectiles":223,"barrage_wave":15,"burst":5,"charge":5,"cone":8,"cross_laser":3,"dash":5,"dash_end":5,"line":20,"phase_three":1,"phase_two":1,"shot":223,"sweep":8,"ultimate":3,"ultimate_activated":3,"ultimate_hit":2,"windup_burst":8,"windup_cross_laser":3,"windup_dash":5,"windup_sweep":8,"windup_ultimate":3},"authored_fraction":0.33,"boss":"B03","clear":true,"death":false,"durable_hp":400,"movement":8299.27103054523,"observe":true,"peak_owned_zones":4,"percentage_hits":11,"phase_three":true,"phase_two":true,"seconds":75.467,"shots":998,"stage":30,"transition_samples":50,"transition_violations":0,"warned_kinds":11,"warnings":9}
PASS B03 was really cleared by real fire (1 real attempt(s), outcomes ["clear"])
B5 BOSS {"actions":{"attack":24,"barrage_projectiles":223,"barrage_wave":15,"burst":5,"charge":5,"cone":8,"cross_laser":3,"dash":5,"dash_end":5,"line":20,"phase_three":1,"phase_two":1,"shot":223,"sweep":8,"ultimate":3,"ultimate_activated":3,"ultimate_hit":2,"windup_burst":8,"windup_cross_laser":3,"windup_dash":5,"windup_sweep":8,"windup_ultimate":3},"attempt_outcomes":["clear"],"attempts":1,"authored_fraction":0.33,"boss":"B03","clear":true,"death":false,"durable_hp":400,"movement":8299.27103054523,"observe":true,"peak_owned_zones":4,"percentage_hits":11,"phase_three":true,"phase_two":true,"seconds":75.467,"shots":998,"stage":30,"transition_samples":50,"transition_violations":0,"warned_kinds":11,"warnings":9}
PASS boss depart 40
PASS stage 40 spawns B04
PASS stage 40 fields B04
PASS stage 40 boss starts in Phase I
PASS B04 uses its authored HP
PASS B04 reached Phase II by real damage
PASS B04 reached Phase III by real damage
PASS B04 phase transitions have no live owned attack (sampled 52)
PASS B04 transition window was actually sampled
PASS B04 ran dash
PASS B04 ran dash during Phase 1
PASS B04 showed a real windup telegraph for dash in Phase 1
PASS B04 ran sweep
PASS B04 ran sweep during Phase 1
PASS B04 showed a real windup telegraph for sweep in Phase 1
PASS B04 ran burst
PASS B04 ran burst during Phase 1
PASS B04 showed a real windup telegraph for burst in Phase 1
PASS B04 ran sweep
PASS B04 ran sweep during Phase 2
PASS B04 showed a real windup telegraph for sweep in Phase 2
PASS B04 ran dash
PASS B04 ran dash during Phase 2
PASS B04 showed a real windup telegraph for dash in Phase 2
PASS B04 ran cross
PASS B04 ran cross during Phase 2
PASS B04 showed a real windup telegraph for cross in Phase 2
PASS B04 ran band
PASS B04 ran band during Phase 2
PASS B04 showed a real windup telegraph for band in Phase 2
PASS B04 ran cross_laser
PASS B04 ran cross_laser during Phase 3
PASS B04 showed a real windup telegraph for cross_laser in Phase 3
PASS B04 ran sweep
PASS B04 ran sweep during Phase 3
PASS B04 showed a real windup telegraph for sweep in Phase 3
PASS B04 ran band
PASS B04 ran band during Phase 3
PASS B04 showed a real windup telegraph for band in Phase 3
PASS B04 entered Phase II exactly once
PASS B04 entered Phase III exactly once
PASS B04 fired its percentage ultimate
PASS B04 ultimate carries the authored percentage (0.30)
B5 BOSS NOTE B04 ultimate is a moving-safe-zone pattern; a landed payload is not expected
PASS boss cleanup 40
PASS boss stage leaves no hazard 40
PASS camp is bright after 40
B5 BOSS ATTEMPT B04 #1 {"actions":{"attack":51,"band":9,"barrage_projectiles":274,"barrage_wave":14,"burst":3,"charge":9,"cone":4,"contact":1,"cross":4,"cross_laser":6,"dash":9,"dash_end":9,"line":64,"phase_three":1,"phase_two":1,"shot":274,"sweep":15,"ultimate":5,"ultimate_activated":5,"windup_band":9,"windup_burst":4,"windup_cross":4,"windup_cross_laser":6,"windup_dash":9,"windup_sweep":15,"windup_ultimate":5},"authored_fraction":0.3,"boss":"B04","clear":true,"death":false,"durable_hp":400,"movement":11831.80017066,"observe":true,"peak_owned_zones":5,"percentage_hits":12,"phase_three":true,"phase_two":true,"seconds":115.05,"shots":1572,"stage":40,"transition_samples":52,"transition_violations":0,"warned_kinds":12,"warnings":10}
PASS B04 was really cleared by real fire (1 real attempt(s), outcomes ["clear"])
B5 BOSS {"actions":{"attack":51,"band":9,"barrage_projectiles":274,"barrage_wave":14,"burst":3,"charge":9,"cone":4,"contact":1,"cross":4,"cross_laser":6,"dash":9,"dash_end":9,"line":64,"phase_three":1,"phase_two":1,"shot":274,"sweep":15,"ultimate":5,"ultimate_activated":5,"windup_band":9,"windup_burst":4,"windup_cross":4,"windup_cross_laser":6,"windup_dash":9,"windup_sweep":15,"windup_ultimate":5},"attempt_outcomes":["clear"],"attempts":1,"authored_fraction":0.3,"boss":"B04","clear":true,"death":false,"durable_hp":400,"movement":11831.80017066,"observe":true,"peak_owned_zones":5,"percentage_hits":12,"phase_three":true,"phase_two":true,"seconds":115.05,"shots":1572,"stage":40,"transition_samples":52,"transition_violations":0,"warned_kinds":12,"warnings":10}
PASS boss depart 40
PASS stage 40 spawns B04
PASS stage 40 fields B04
PASS stage 40 boss starts in Phase I
PASS B04 uses its authored HP
PASS boss cleanup 40
PASS boss stage leaves no hazard 40
PASS camp is bright after 40
B5 BOSS AUTHORED {"actions":{"attack":6,"barrage_projectiles":60,"barrage_wave":4,"burst":2,"charge":2,"cone":2,"dash":2,"dash_end":2,"line":2,"shot":60,"sweep":2,"windup_burst":2,"windup_dash":2,"windup_sweep":2},"authored_fraction":0.0,"boss":"B04","clear":false,"death":true,"durable_hp":8,"movement":2393.76693320274,"observe":false,"peak_owned_zones":1,"percentage_hits":1,"phase_three":false,"phase_two":false,"seconds":20.53,"shots":367,"stage":40,"transition_samples":0,"transition_violations":0,"warned_kinds":3,"warnings":3}
B5 BOSSES CHECKS=166 FAILURES=0
[leave] save on the way out success=true web=false
