Godot Engine v4.7.2.stable.official.ed1daf0bf - https://godotengine.org

[boot-probe] demo_ready t=2286
[boot-probe] utils_ready t=2287
[boot] title menu drawn t=2809
[boot-probe] controlui_ready t=2809
PASS exactly 24 upgrade definitions
PASS no duplicate upgrade id 111
PASS upgrade name present 111
PASS upgrade info present 111
PASS upgrade quality inside 1..3 111
PASS positive upgrade price 111
PASS shop price is the catalog price 111
PASS scene display name matches catalog 111
PASS upgrade declares at least one effect 111
PASS no duplicate upgrade id 113
PASS upgrade name present 113
PASS upgrade info present 113
PASS upgrade quality inside 1..3 113
PASS positive upgrade price 113
PASS shop price is the catalog price 113
PASS scene display name matches catalog 113
PASS upgrade declares at least one effect 113
PASS no duplicate upgrade id 115
PASS upgrade name present 115
PASS upgrade info present 115
PASS upgrade quality inside 1..3 115
PASS positive upgrade price 115
PASS shop price is the catalog price 115
PASS scene display name matches catalog 115
PASS upgrade declares at least one effect 115
PASS no duplicate upgrade id 116
PASS upgrade name present 116
PASS upgrade info present 116
PASS upgrade quality inside 1..3 116
PASS positive upgrade price 116
PASS shop price is the catalog price 116
PASS scene display name matches catalog 116
PASS upgrade declares at least one effect 116
PASS no duplicate upgrade id 118
PASS upgrade name present 118
PASS upgrade info present 118
PASS upgrade quality inside 1..3 118
PASS positive upgrade price 118
PASS shop price is the catalog price 118
PASS scene display name matches catalog 118
PASS upgrade declares at least one effect 118
PASS no duplicate upgrade id 119
PASS upgrade name present 119
PASS upgrade info present 119
PASS upgrade quality inside 1..3 119
PASS positive upgrade price 119
PASS shop price is the catalog price 119
PASS scene display name matches catalog 119
PASS upgrade declares at least one effect 119
PASS no duplicate upgrade id 120
PASS upgrade name present 120
PASS upgrade info present 120
PASS upgrade quality inside 1..3 120
PASS positive upgrade price 120
PASS shop price is the catalog price 120
PASS scene display name matches catalog 120
PASS upgrade declares at least one effect 120
PASS no duplicate upgrade id 123
PASS upgrade name present 123
PASS upgrade info present 123
PASS upgrade quality inside 1..3 123
PASS positive upgrade price 123
PASS shop price is the catalog price 123
PASS scene display name matches catalog 123
PASS upgrade declares at least one effect 123
PASS no duplicate upgrade id 124
PASS upgrade name present 124
PASS upgrade info present 124
PASS upgrade quality inside 1..3 124
PASS positive upgrade price 124
PASS shop price is the catalog price 124
PASS scene display name matches catalog 124
PASS upgrade declares at least one effect 124
PASS no duplicate upgrade id 110
PASS upgrade name present 110
PASS upgrade info present 110
PASS upgrade quality inside 1..3 110
PASS positive upgrade price 110
PASS shop price is the catalog price 110
PASS scene display name matches catalog 110
PASS upgrade declares at least one effect 110
PASS no duplicate upgrade id 112
PASS upgrade name present 112
PASS upgrade info present 112
PASS upgrade quality inside 1..3 112
PASS positive upgrade price 112
PASS shop price is the catalog price 112
PASS scene display name matches catalog 112
PASS upgrade declares at least one effect 112
PASS no duplicate upgrade id 114
PASS upgrade name present 114
PASS upgrade info present 114
PASS upgrade quality inside 1..3 114
PASS positive upgrade price 114
PASS shop price is the catalog price 114
PASS scene display name matches catalog 114
PASS upgrade declares at least one effect 114
PASS no duplicate upgrade id 117
PASS upgrade name present 117
PASS upgrade info present 117
PASS upgrade quality inside 1..3 117
PASS positive upgrade price 117
PASS shop price is the catalog price 117
PASS scene display name matches catalog 117
PASS upgrade declares at least one effect 117
PASS no duplicate upgrade id 121
PASS upgrade name present 121
PASS upgrade info present 121
PASS upgrade quality inside 1..3 121
PASS positive upgrade price 121
PASS shop price is the catalog price 121
PASS scene display name matches catalog 121
PASS upgrade declares at least one effect 121
PASS no duplicate upgrade id 122
PASS upgrade name present 122
PASS upgrade info present 122
PASS upgrade quality inside 1..3 122
PASS positive upgrade price 122
PASS shop price is the catalog price 122
PASS scene display name matches catalog 122
PASS upgrade declares at least one effect 122
PASS no duplicate upgrade id 0
PASS upgrade name present 0
PASS upgrade info present 0
PASS upgrade quality inside 1..3 0
PASS positive upgrade price 0
PASS shop price is the catalog price 0
PASS scene display name matches catalog 0
PASS upgrade declares at least one effect 0
PASS no duplicate upgrade id 1
PASS upgrade name present 1
PASS upgrade info present 1
PASS upgrade quality inside 1..3 1
PASS positive upgrade price 1
PASS shop price is the catalog price 1
PASS scene display name matches catalog 1
PASS upgrade declares at least one effect 1
PASS no duplicate upgrade id 2
PASS upgrade name present 2
PASS upgrade info present 2
PASS upgrade quality inside 1..3 2
PASS positive upgrade price 2
PASS shop price is the catalog price 2
PASS scene display name matches catalog 2
PASS upgrade declares at least one effect 2
PASS no duplicate upgrade id 3
PASS upgrade name present 3
PASS upgrade info present 3
PASS upgrade quality inside 1..3 3
PASS positive upgrade price 3
PASS shop price is the catalog price 3
PASS scene display name matches catalog 3
PASS upgrade declares at least one effect 3
PASS no duplicate upgrade id 5
PASS upgrade name present 5
PASS upgrade info present 5
PASS upgrade quality inside 1..3 5
PASS positive upgrade price 5
PASS shop price is the catalog price 5
PASS scene display name matches catalog 5
PASS upgrade declares at least one effect 5
PASS no duplicate upgrade id 6
PASS upgrade name present 6
PASS upgrade info present 6
PASS upgrade quality inside 1..3 6
PASS positive upgrade price 6
PASS shop price is the catalog price 6
PASS scene display name matches catalog 6
PASS upgrade declares at least one effect 6
PASS no duplicate upgrade id 7
PASS upgrade name present 7
PASS upgrade info present 7
PASS upgrade quality inside 1..3 7
PASS positive upgrade price 7
PASS shop price is the catalog price 7
PASS scene display name matches catalog 7
PASS upgrade declares at least one effect 7
PASS no duplicate upgrade id 8
PASS upgrade name present 8
PASS upgrade info present 8
PASS upgrade quality inside 1..3 8
PASS positive upgrade price 8
PASS shop price is the catalog price 8
PASS scene display name matches catalog 8
PASS upgrade declares at least one effect 8
PASS no duplicate upgrade id 9
PASS upgrade name present 9
PASS upgrade info present 9
PASS upgrade quality inside 1..3 9
PASS positive upgrade price 9
PASS shop price is the catalog price 9
PASS scene display name matches catalog 9
PASS upgrade declares at least one effect 9
PASS both upgrade quality bands populated 1/2
PASS upgrade quality 1 price band strictly below 2
PASS both upgrade quality bands populated 2/3
PASS upgrade quality 2 price band strictly below 3
PASS upgrade quality 1 is populated
PASS upgrade quality 2 is populated
PASS upgrade quality 3 is populated
PASS exactly 24 talent definitions
PASS talent name present T02
PASS talent info present T02
PASS talent quality inside 1..3 T02
PASS talent max rank inside 1..3 T02
PASS talent gold price present T02/1
PASS talent point price present T02/1
PASS talent gold price present T02/2
PASS talent point price present T02/2
PASS talent gold price rises per rank T02
PASS talent point price never falls T02
PASS talent gold price present T02/3
PASS talent point price present T02/3
PASS talent gold price rises per rank T02
PASS talent point price never falls T02
PASS talent price ladder sane T02
PASS talent name present T05
PASS talent info present T05
PASS talent quality inside 1..3 T05
PASS talent max rank inside 1..3 T05
PASS talent gold price present T05/1
PASS talent point price present T05/1
PASS talent gold price present T05/2
PASS talent point price present T05/2
PASS talent gold price rises per rank T05
PASS talent point price never falls T05
PASS talent gold price present T05/3
PASS talent point price present T05/3
PASS talent gold price rises per rank T05
PASS talent point price never falls T05
PASS talent price ladder sane T05
PASS talent name present T06
PASS talent info present T06
PASS talent quality inside 1..3 T06
PASS talent max rank inside 1..3 T06
PASS talent gold price present T06/1
PASS talent point price present T06/1
PASS talent gold price present T06/2
PASS talent point price present T06/2
PASS talent gold price rises per rank T06
PASS talent point price never falls T06
PASS talent gold price present T06/3
PASS talent point price present T06/3
PASS talent gold price rises per rank T06
PASS talent point price never falls T06
PASS talent price ladder sane T06
PASS talent name present T07
PASS talent info present T07
PASS talent quality inside 1..3 T07
PASS talent max rank inside 1..3 T07
PASS talent gold price present T07/1
PASS talent point price present T07/1
PASS talent gold price present T07/2
PASS talent point price present T07/2
PASS talent gold price rises per rank T07
PASS talent point price never falls T07
PASS talent gold price present T07/3
PASS talent point price present T07/3
PASS talent gold price rises per rank T07
PASS talent point price never falls T07
PASS talent price ladder sane T07
PASS talent name present T08
PASS talent info present T08
PASS talent quality inside 1..3 T08
PASS talent max rank inside 1..3 T08
PASS talent gold price present T08/1
PASS talent point price present T08/1
PASS talent gold price present T08/2
PASS talent point price present T08/2
PASS talent gold price rises per rank T08
PASS talent point price never falls T08
PASS talent gold price present T08/3
PASS talent point price present T08/3
PASS talent gold price rises per rank T08
PASS talent point price never falls T08
PASS talent price ladder sane T08
PASS talent name present T09
PASS talent info present T09
PASS talent quality inside 1..3 T09
PASS talent max rank inside 1..3 T09
PASS talent gold price present T09/1
PASS talent point price present T09/1
PASS talent gold price present T09/2
PASS talent point price present T09/2
PASS talent gold price rises per rank T09
PASS talent point price never falls T09
PASS talent gold price present T09/3
PASS talent point price present T09/3
PASS talent gold price rises per rank T09
PASS talent point price never falls T09
PASS talent price ladder sane T09
PASS talent name present T11
PASS talent info present T11
PASS talent quality inside 1..3 T11
PASS talent max rank inside 1..3 T11
PASS talent gold price present T11/1
PASS talent point price present T11/1
PASS talent gold price present T11/2
PASS talent point price present T11/2
PASS talent gold price rises per rank T11
PASS talent point price never falls T11
PASS talent gold price present T11/3
PASS talent point price present T11/3
PASS talent gold price rises per rank T11
PASS talent point price never falls T11
PASS talent price ladder sane T11
PASS talent name present T12
PASS talent info present T12
PASS talent quality inside 1..3 T12
PASS talent max rank inside 1..3 T12
PASS talent gold price present T12/1
PASS talent point price present T12/1
PASS talent gold price present T12/2
PASS talent point price present T12/2
PASS talent gold price rises per rank T12
PASS talent point price never falls T12
PASS talent gold price present T12/3
PASS talent point price present T12/3
PASS talent gold price rises per rank T12
PASS talent point price never falls T12
PASS talent price ladder sane T12
PASS talent name present T13
PASS talent info present T13
PASS talent quality inside 1..3 T13
PASS talent max rank inside 1..3 T13
PASS talent gold price present T13/1
PASS talent point price present T13/1
PASS talent price ladder sane T13
PASS talent name present T14
PASS talent info present T14
PASS talent quality inside 1..3 T14
PASS talent max rank inside 1..3 T14
PASS talent gold price present T14/1
PASS talent point price present T14/1
PASS talent price ladder sane T14
PASS talent name present T15
PASS talent info present T15
PASS talent quality inside 1..3 T15
PASS talent max rank inside 1..3 T15
PASS talent gold price present T15/1
PASS talent point price present T15/1
PASS talent gold price present T15/2
PASS talent point price present T15/2
PASS talent gold price rises per rank T15
PASS talent point price never falls T15
PASS talent gold price present T15/3
PASS talent point price present T15/3
PASS talent gold price rises per rank T15
PASS talent point price never falls T15
PASS talent price ladder sane T15
PASS talent name present T17
PASS talent info present T17
PASS talent quality inside 1..3 T17
PASS talent max rank inside 1..3 T17
PASS talent gold price present T17/1
PASS talent point price present T17/1
PASS talent gold price present T17/2
PASS talent point price present T17/2
PASS talent gold price rises per rank T17
PASS talent point price never falls T17
PASS talent gold price present T17/3
PASS talent point price present T17/3
PASS talent gold price rises per rank T17
PASS talent point price never falls T17
PASS talent price ladder sane T17
PASS talent name present T18
PASS talent info present T18
PASS talent quality inside 1..3 T18
PASS talent max rank inside 1..3 T18
PASS talent gold price present T18/1
PASS talent point price present T18/1
PASS talent gold price present T18/2
PASS talent point price present T18/2
PASS talent gold price rises per rank T18
PASS talent point price never falls T18
PASS talent gold price present T18/3
PASS talent point price present T18/3
PASS talent gold price rises per rank T18
PASS talent point price never falls T18
PASS talent price ladder sane T18
PASS talent name present T19
PASS talent info present T19
PASS talent quality inside 1..3 T19
PASS talent max rank inside 1..3 T19
PASS talent gold price present T19/1
PASS talent point price present T19/1
PASS talent price ladder sane T19
PASS talent name present T20
PASS talent info present T20
PASS talent quality inside 1..3 T20
PASS talent max rank inside 1..3 T20
PASS talent gold price present T20/1
PASS talent point price present T20/1
PASS talent gold price present T20/2
PASS talent point price present T20/2
PASS talent gold price rises per rank T20
PASS talent point price never falls T20
PASS talent gold price present T20/3
PASS talent point price present T20/3
PASS talent gold price rises per rank T20
PASS talent point price never falls T20
PASS talent price ladder sane T20
PASS talent name present T21
PASS talent info present T21
PASS talent quality inside 1..3 T21
PASS talent max rank inside 1..3 T21
PASS talent gold price present T21/1
PASS talent point price present T21/1
PASS talent gold price present T21/2
PASS talent point price present T21/2
PASS talent gold price rises per rank T21
PASS talent point price never falls T21
PASS talent gold price present T21/3
PASS talent point price present T21/3
PASS talent gold price rises per rank T21
PASS talent point price never falls T21
PASS talent price ladder sane T21
PASS talent name present T22
PASS talent info present T22
PASS talent quality inside 1..3 T22
PASS talent max rank inside 1..3 T22
PASS talent gold price present T22/1
PASS talent point price present T22/1
PASS talent gold price present T22/2
PASS talent point price present T22/2
PASS talent gold price rises per rank T22
PASS talent point price never falls T22
PASS talent gold price present T22/3
PASS talent point price present T22/3
PASS talent gold price rises per rank T22
PASS talent point price never falls T22
PASS talent price ladder sane T22
PASS talent name present T23
PASS talent info present T23
PASS talent quality inside 1..3 T23
PASS talent max rank inside 1..3 T23
PASS talent gold price present T23/1
PASS talent point price present T23/1
PASS talent price ladder sane T23
PASS talent name present T01
PASS talent info present T01
PASS talent quality inside 1..3 T01
PASS talent max rank inside 1..3 T01
PASS talent gold price present T01/1
PASS talent point price present T01/1
PASS talent gold price present T01/2
PASS talent point price present T01/2
PASS talent gold price rises per rank T01
PASS talent point price never falls T01
PASS talent gold price present T01/3
PASS talent point price present T01/3
PASS talent gold price rises per rank T01
PASS talent point price never falls T01
PASS talent price ladder sane T01
PASS talent name present T03
PASS talent info present T03
PASS talent quality inside 1..3 T03
PASS talent max rank inside 1..3 T03
PASS talent gold price present T03/1
PASS talent point price present T03/1
PASS talent gold price present T03/2
PASS talent point price present T03/2
PASS talent gold price rises per rank T03
PASS talent point price never falls T03
PASS talent gold price present T03/3
PASS talent point price present T03/3
PASS talent gold price rises per rank T03
PASS talent point price never falls T03
PASS talent price ladder sane T03
PASS talent name present T04
PASS talent info present T04
PASS talent quality inside 1..3 T04
PASS talent max rank inside 1..3 T04
PASS talent gold price present T04/1
PASS talent point price present T04/1
PASS talent gold price present T04/2
PASS talent point price present T04/2
PASS talent gold price rises per rank T04
PASS talent point price never falls T04
PASS talent gold price present T04/3
PASS talent point price present T04/3
PASS talent gold price rises per rank T04
PASS talent point price never falls T04
PASS talent price ladder sane T04
PASS talent name present T10
PASS talent info present T10
PASS talent quality inside 1..3 T10
PASS talent max rank inside 1..3 T10
PASS talent gold price present T10/1
PASS talent point price present T10/1
PASS talent gold price present T10/2
PASS talent point price present T10/2
PASS talent gold price rises per rank T10
PASS talent point price never falls T10
PASS talent gold price present T10/3
PASS talent point price present T10/3
PASS talent gold price rises per rank T10
PASS talent point price never falls T10
PASS talent price ladder sane T10
PASS talent name present T16
PASS talent info present T16
PASS talent quality inside 1..3 T16
PASS talent max rank inside 1..3 T16
PASS talent gold price present T16/1
PASS talent point price present T16/1
PASS talent price ladder sane T16
PASS talent name present T24
PASS talent info present T24
PASS talent quality inside 1..3 T24
PASS talent max rank inside 1..3 T24
PASS talent gold price present T24/1
PASS talent point price present T24/1
PASS talent gold price present T24/2
PASS talent point price present T24/2
PASS talent gold price rises per rank T24
PASS talent point price never falls T24
PASS talent gold price present T24/3
PASS talent point price present T24/3
PASS talent gold price rises per rank T24
PASS talent point price never falls T24
PASS talent price ladder sane T24
PASS talent quality 1 is populated
PASS talent quality 2 is populated
PASS talent quality 3 is populated
PASS talent common band below rare band at rank 1
PASS talent rare band below legendary band at rank 1
PASS talent common band below rare band at rank 2
PASS talent common band below rare band at rank 3
PASS full talent build costs more gold than the full upgrade build
PASS a snapshot with the reworked catalog still validates
B13_CATALOG_CHECKS 530 FAILURES 0
[leave] save on the way out success=true web=false
