Godot Engine v4.7.2.stable.official.ed1daf0bf - https://godotengine.org

[boot-probe] demo_ready t=2179
[boot-probe] utils_ready t=2180
[boot] title menu drawn t=2698
[boot-probe] controlui_ready t=2698
PASS equip the legendary weapon by stable ID
PASS a snapshot owning weapons across the new qualities still validates
PASS snapshot keeps ownership of every tier by ID
PASS snapshot keeps the equipped weapon ID
PASS weapon entries keep the stable ID key
PASS restored save re-owns the legendary weapon
PASS restored save re-owns the rare weapon
PASS restored save re-owns the common weapon
PASS restored save can re-equip by the same ID
PASS legendary price is a positive catalog value
PASS purchase of the legendary succeeds with enough gold
PASS purchase charges exactly the catalog price
PASS purchased weapon joins ownership by ID
PASS re-validating the same snapshot stays true after the rework
B12_SAVE_CHECKS 14 FAILURES 0
[leave] save on the way out success=true web=false
