Godot Engine v4.7.2.stable.official.ed1daf0bf - https://godotengine.org

[boot-probe] demo_ready t=2171
[boot-probe] utils_ready t=2173
[boot] title menu drawn t=2685
[boot-probe] controlui_ready t=2685
PASS lifecycle departure 0
PASS no residual combat visuals 0
PASS all decoration slots released 0
PASS all hostile bursts released 0
PASS camp visibility restored 0
PASS lifecycle departure 1
PASS no residual combat visuals 1
PASS all decoration slots released 1
PASS all hostile bursts released 1
PASS camp visibility restored 1
PASS lifecycle departure 2
PASS no residual combat visuals 2
PASS all decoration slots released 2
PASS all hostile bursts released 2
PASS camp visibility restored 2
PASS lifecycle departure 3
PASS no residual combat visuals 3
PASS all decoration slots released 3
PASS all hostile bursts released 3
PASS camp visibility restored 3
PASS lifecycle departure 4
PASS no residual combat visuals 4
PASS all decoration slots released 4
PASS all hostile bursts released 4
PASS camp visibility restored 4
PASS lifecycle departure 5
PASS no residual combat visuals 5
PASS all decoration slots released 5
PASS all hostile bursts released 5
PASS camp visibility restored 5
PASS lifecycle departure 6
PASS no residual combat visuals 6
PASS all decoration slots released 6
PASS all hostile bursts released 6
PASS camp visibility restored 6
PASS lifecycle departure 7
PASS no residual combat visuals 7
PASS all decoration slots released 7
PASS all hostile bursts released 7
PASS camp visibility restored 7
PASS lifecycle departure 8
PASS no residual combat visuals 8
PASS all decoration slots released 8
PASS all hostile bursts released 8
PASS camp visibility restored 8
PASS lifecycle departure 9
PASS no residual combat visuals 9
PASS all decoration slots released 9
PASS all hostile bursts released 9
PASS camp visibility restored 9
PASS ten cycles converge to the warmed node count
PASS ten cycles do not accumulate orphan nodes
PRESENTATION_LIFECYCLE [{"cycle":0,"memory":100599958,"nodes":301,"orphans":0.0},{"cycle":1,"memory":100721227,"nodes":311,"orphans":0.0},{"cycle":2,"memory":100573431,"nodes":297,"orphans":0.0},{"cycle":3,"memory":100771043,"nodes":321,"orphans":0.0},{"cycle":4,"memory":100772239,"nodes":321,"orphans":0.0},{"cycle":5,"memory":100575483,"nodes":297,"orphans":0.0},{"cycle":6,"memory":100773143,"nodes":321,"orphans":0.0},{"cycle":7,"memory":100789771,"nodes":321,"orphans":0.0},{"cycle":8,"memory":100593015,"nodes":297,"orphans":0.0},{"cycle":9,"memory":100790699,"nodes":321,"orphans":0.0}]
PRESENTATION_LIFECYCLE CHECKS=52 FAILURES=0
[leave] save on the way out success=true web=false
