Godot Engine v4.7.2.stable.official.ed1daf0bf - https://godotengine.org
OpenGL API 3.3.0 Core Profile Context 24.5.1.240502 - Compatibility - Using Device: ATI Technologies Inc. - AMD Radeon RX 7900 XT

[boot-probe] demo_ready t=2764
[boot-probe] utils_ready t=2766
[boot] title menu drawn t=3287
[boot-probe] controlui_ready t=3287
PASS visual fixture enters real Stage40
PASS visual fixture enters real Stage40
PASS visual fixture enters real Stage40
PASS visual fixture enters real Stage40
PASS real enemy spawned E14
PASS visual fixture enters real Stage40
PASS real enemy spawned E13
PASS visual fixture enters real Stage40
PASS real enemy spawned E04
PASS visual fixture enters real Stage40
PASS real enemy spawned E06
PASS visual fixture enters real Stage40
PASS real enemy spawned E07
PASS visual fixture enters real Stage40
PASS real enemy spawned E15
B14_ATTACK_VISUAL images=87 failures=0
