Godot Engine v4.7.2.stable.official.ed1daf0bf - https://godotengine.org

[boot-probe] demo_ready t=2124
[boot-probe] utils_ready t=2125
PASS BEFORE benchmark holds 24 weapons x 3 scenarios
PASS AFTER benchmark holds 24 weapons x 3 scenarios
FAIL evidence tier matches catalog tier for 121
FAIL evidence price matches catalog price for 121
PASS evidence power_mul matches catalog POWER for 121
FAIL evidence tier matches catalog tier for 122
FAIL evidence price matches catalog price for 122
PASS evidence power_mul matches catalog POWER for 122
PASS evidence tier matches catalog tier for 124
PASS evidence price matches catalog price for 124
PASS evidence power_mul matches catalog POWER for 124
FAIL evidence tier matches catalog tier for 111
FAIL evidence price matches catalog price for 111
PASS evidence power_mul matches catalog POWER for 111
FAIL evidence tier matches catalog tier for 113
FAIL evidence price matches catalog price for 113
PASS evidence power_mul matches catalog POWER for 113
PASS evidence tier matches catalog tier for 115
PASS evidence price matches catalog price for 115
PASS evidence power_mul matches catalog POWER for 115
FAIL evidence tier matches catalog tier for 116
FAIL evidence price matches catalog price for 116
PASS evidence power_mul matches catalog POWER for 116
PASS evidence tier matches catalog tier for 117
PASS evidence price matches catalog price for 117
PASS evidence power_mul matches catalog POWER for 117
PASS evidence tier matches catalog tier for 118
PASS evidence price matches catalog price for 118
PASS evidence power_mul matches catalog POWER for 118
PASS evidence tier matches catalog tier for 119
PASS evidence price matches catalog price for 119
PASS evidence power_mul matches catalog POWER for 119
FAIL evidence tier matches catalog tier for 120
FAIL evidence price matches catalog price for 120
PASS evidence power_mul matches catalog POWER for 120
FAIL evidence tier matches catalog tier for 112
FAIL evidence price matches catalog price for 112
PASS evidence power_mul matches catalog POWER for 112
PASS evidence tier matches catalog tier for 114
PASS evidence price matches catalog price for 114
PASS evidence power_mul matches catalog POWER for 114
PASS evidence tier matches catalog tier for 123
PASS evidence price matches catalog price for 123
PASS evidence power_mul matches catalog POWER for 123
PASS evidence tier matches catalog tier for 0
PASS evidence price matches catalog price for 0
PASS evidence power_mul matches catalog POWER for 0
PASS evidence tier matches catalog tier for 1
PASS evidence price matches catalog price for 1
PASS evidence power_mul matches catalog POWER for 1
PASS evidence tier matches catalog tier for 2
PASS evidence price matches catalog price for 2
PASS evidence power_mul matches catalog POWER for 2
PASS evidence tier matches catalog tier for 3
PASS evidence price matches catalog price for 3
PASS evidence power_mul matches catalog POWER for 3
PASS evidence tier matches catalog tier for 4
PASS evidence price matches catalog price for 4
PASS evidence power_mul matches catalog POWER for 4
PASS evidence tier matches catalog tier for 5
PASS evidence price matches catalog price for 5
PASS evidence power_mul matches catalog POWER for 5
FAIL evidence tier matches catalog tier for 6
FAIL evidence price matches catalog price for 6
PASS evidence power_mul matches catalog POWER for 6
PASS evidence tier matches catalog tier for 7
PASS evidence price matches catalog price for 7
PASS evidence power_mul matches catalog POWER for 7
PASS evidence tier matches catalog tier for 8
PASS evidence price matches catalog price for 8
PASS evidence power_mul matches catalog POWER for 8
PASS evidence tier matches catalog tier for 9
PASS evidence price matches catalog price for 9
PASS evidence power_mul matches catalog POWER for 9
PASS AFTER evidence covers exactly the 24 catalog weapons
PASS B12 evidence manifest exists
PASS manifest path belongs to the measurement set: autoload/Combat.gd
FAIL manifest sha256 matches for autoload/Combat.gd (now 7c4420908b3b…)
PASS manifest path belongs to the measurement set: game/config/EffectiveStats.gd
FAIL manifest sha256 matches for game/config/EffectiveStats.gd (now dbf48a31d495…)
PASS manifest path belongs to the measurement set: game/config/WeaponCatalog.gd
FAIL manifest sha256 matches for game/config/WeaponCatalog.gd (now a3e29258432b…)
PASS manifest path belongs to the measurement set: game/guns/AlienMachine.gd
PASS manifest sha256 matches for game/guns/AlienMachine.gd (now cd2df091854e…)
PASS manifest path belongs to the measurement set: game/guns/AlienMachine.tscn
PASS manifest sha256 matches for game/guns/AlienMachine.tscn (now 543bbb8bd590…)
PASS manifest path belongs to the measurement set: game/guns/AlienRifle.gd
PASS manifest sha256 matches for game/guns/AlienRifle.gd (now cd2df091854e…)
PASS manifest path belongs to the measurement set: game/guns/AlienRifle.tscn
PASS manifest sha256 matches for game/guns/AlienRifle.tscn (now 02e3422c2d92…)
PASS manifest path belongs to the measurement set: game/guns/ArcCaster.gd
PASS manifest sha256 matches for game/guns/ArcCaster.gd (now aef552462c24…)
PASS manifest path belongs to the measurement set: game/guns/ArcCaster.tscn
PASS manifest sha256 matches for game/guns/ArcCaster.tscn (now ce5888932ed0…)
PASS manifest path belongs to the measurement set: game/guns/BabyZapZap.gd
PASS manifest sha256 matches for game/guns/BabyZapZap.gd (now 9e335d308108…)
PASS manifest path belongs to the measurement set: game/guns/BabyZapZap.tscn
PASS manifest sha256 matches for game/guns/BabyZapZap.tscn (now ca915c5ebad2…)
PASS manifest path belongs to the measurement set: game/guns/BaseGun.gd
FAIL manifest sha256 matches for game/guns/BaseGun.gd (now 92aa169a3609…)
PASS manifest path belongs to the measurement set: game/guns/BoomBoi.gd
PASS manifest sha256 matches for game/guns/BoomBoi.gd (now 06e725b032ee…)
PASS manifest path belongs to the measurement set: game/guns/BoomBoi.tscn
PASS manifest sha256 matches for game/guns/BoomBoi.tscn (now f3c379f4364e…)
PASS manifest path belongs to the measurement set: game/guns/BurstCarbine.gd
PASS manifest sha256 matches for game/guns/BurstCarbine.gd (now c9be67703cd6…)
PASS manifest path belongs to the measurement set: game/guns/BurstCarbine.tscn
PASS manifest sha256 matches for game/guns/BurstCarbine.tscn (now 50448e1c02ad…)
PASS manifest path belongs to the measurement set: game/guns/EmpireShotgun.gd
PASS manifest sha256 matches for game/guns/EmpireShotgun.gd (now bdfcc9781e7d…)
PASS manifest path belongs to the measurement set: game/guns/EmpireShotgun.tscn
PASS manifest sha256 matches for game/guns/EmpireShotgun.tscn (now c85d784c6a68…)
PASS manifest path belongs to the measurement set: game/guns/GunSprite.gd
PASS manifest sha256 matches for game/guns/GunSprite.gd (now e44891569d31…)
PASS manifest path belongs to the measurement set: game/guns/GunSprite.tscn
PASS manifest sha256 matches for game/guns/GunSprite.tscn (now 895ffe58b76b…)
PASS manifest path belongs to the measurement set: game/guns/MechanismGun.gd
FAIL manifest sha256 matches for game/guns/MechanismGun.gd (now ad29de0c19f8…)
PASS manifest path belongs to the measurement set: game/guns/PlasmaOrb.gd
PASS manifest sha256 matches for game/guns/PlasmaOrb.gd (now 5df4eea1a6ea…)
PASS manifest path belongs to the measurement set: game/guns/PlasmaOrb.tscn
PASS manifest sha256 matches for game/guns/PlasmaOrb.tscn (now 5a21c74f9188…)
PASS manifest path belongs to the measurement set: game/guns/RebalShotgun.gd
PASS manifest sha256 matches for game/guns/RebalShotgun.gd (now bab368157d16…)
PASS manifest path belongs to the measurement set: game/guns/RebalShotgun.tscn
PASS manifest sha256 matches for game/guns/RebalShotgun.tscn (now 2c962e21a44b…)
PASS manifest path belongs to the measurement set: game/guns/ShotgunBlaster.gd
PASS manifest sha256 matches for game/guns/ShotgunBlaster.gd (now 5506d9cea67c…)
PASS manifest path belongs to the measurement set: game/guns/ShotgunBlaster.tscn
PASS manifest sha256 matches for game/guns/ShotgunBlaster.tscn (now 8e03c1bbb969…)
PASS manifest path belongs to the measurement set: game/guns/Sniper.gd
PASS manifest sha256 matches for game/guns/Sniper.gd (now 5f8069fcf24a…)
PASS manifest path belongs to the measurement set: game/guns/Sniper.tscn
PASS manifest sha256 matches for game/guns/Sniper.tscn (now 0bb477a3f6f5…)
PASS manifest path belongs to the measurement set: game/guns/Uzi.gd
PASS manifest sha256 matches for game/guns/Uzi.gd (now 0656d190e56e…)
PASS manifest path belongs to the measurement set: game/guns/Uzi.tscn
PASS manifest sha256 matches for game/guns/Uzi.tscn (now df5b8aec384c…)
PASS manifest path belongs to the measurement set: game/guns/W11.tscn
PASS manifest sha256 matches for game/guns/W11.tscn (now a2149159840a…)
PASS manifest path belongs to the measurement set: game/guns/W13.tscn
PASS manifest sha256 matches for game/guns/W13.tscn (now 6266b643793e…)
PASS manifest path belongs to the measurement set: game/guns/W15.tscn
PASS manifest sha256 matches for game/guns/W15.tscn (now 4f973bdb4ff2…)
PASS manifest path belongs to the measurement set: game/guns/W16.tscn
PASS manifest sha256 matches for game/guns/W16.tscn (now 542468ce7ce2…)
PASS manifest path belongs to the measurement set: game/guns/W17.tscn
PASS manifest sha256 matches for game/guns/W17.tscn (now ffacb718f461…)
PASS manifest path belongs to the measurement set: game/guns/W18.tscn
PASS manifest sha256 matches for game/guns/W18.tscn (now b129466c6881…)
PASS manifest path belongs to the measurement set: game/guns/W19.tscn
PASS manifest sha256 matches for game/guns/W19.tscn (now 6bf1e8f1d78a…)
PASS manifest path belongs to the measurement set: game/guns/W20.tscn
PASS manifest sha256 matches for game/guns/W20.tscn (now d69fd7573cd0…)
PASS manifest path belongs to the measurement set: game/guns/W21.tscn
PASS manifest sha256 matches for game/guns/W21.tscn (now 0bb6754038f4…)
PASS manifest path belongs to the measurement set: game/guns/W22.tscn
PASS manifest sha256 matches for game/guns/W22.tscn (now f33c1464067e…)
PASS manifest path belongs to the measurement set: game/guns/W24.tscn
PASS manifest sha256 matches for game/guns/W24.tscn (now 6b16672565f8…)
PASS manifest path belongs to the measurement set: tests/B12WeaponBench.gd
FAIL manifest sha256 matches for tests/B12WeaponBench.gd (now 8c4d686c7fde…)
PASS manifest covers the whole measurement set (catalog + stats + combat + bench + 24 gun scenes/scripts)
PASS BEFORE old classification misses the 传说/史诗 >=1.25x gate (1.554 -> 1.785 = 1.15x)
PASS quality 1 -> 2 median grows >= 1.2x (0.317 -> 0.520)
PASS quality 2 -> 3 median grows >= 1.2x (0.520 -> 1.076)
PASS quality 3 -> 4 median grows >= 1.2x (1.076 -> 1.736)
FAIL quality 4 -> 5 median grows >= 1.25x (1.736 -> 1.787)
PASS T5/T1 median ratio 5.64 at least ~2.2x
FAIL no weapon outscores a weapon 2+ qualities above ([117, 3, 6, 5])
PASS no weapon beats a weapon 3+ qualities above on any raw metric (clean)
PASS weapon 121 produces measured damage
PASS weapon 122 produces measured damage
PASS weapon 124 produces measured damage
PASS weapon 111 produces measured damage
PASS weapon 113 produces measured damage
PASS weapon 115 produces measured damage
PASS weapon 116 produces measured damage
PASS weapon 117 produces measured damage
PASS weapon 118 produces measured damage
PASS weapon 119 produces measured damage
PASS weapon 120 produces measured damage
PASS weapon 112 produces measured damage
PASS weapon 114 produces measured damage
PASS weapon 123 produces measured damage
PASS weapon 0 produces measured damage
PASS weapon 1 produces measured damage
PASS weapon 2 produces measured damage
PASS weapon 3 produces measured damage
PASS weapon 4 produces measured damage
PASS weapon 5 produces measured damage
PASS weapon 6 produces measured damage
PASS weapon 7 produces measured damage
PASS weapon 8 produces measured damage
PASS weapon 9 produces measured damage
B12_STRENGTH_CHECKS 171 FAILURES 24
