[stage-tour] mode=on
[stage-tour] armed gun=true
[stage-tour] stage=31 departed=true state=COMBAT level=31 fog=true monsters_peak=41 moving_frames=126 locked_lane_frames=46 next=1 campaign=false hell=false simulated=9.033
[stage-tour] stage=35 departed=true state=COMBAT level=35 fog=true monsters_peak=68 moving_frames=127 locked_lane_frames=65 next=1 campaign=false hell=false simulated=9.000
[stage-tour] stage=39 departed=true state=COMBAT level=39 fog=true monsters_peak=84 moving_frames=134 locked_lane_frames=69 next=1 campaign=false hell=false simulated=9.000
[stage-tour] stage=40 departed=true state=COMBAT level=40 fog=true monsters_peak=1 moving_frames=134 locked_lane_frames=85 next=1 campaign=false hell=false simulated=9.000
[stage-tour] complete
PASS TOUR_REACHED_ITS_END :: the game printed the completion line
PASS S31_TOUR_LINE_PRESENT :: [stage-tour] stage=31 departed=true state=COMBAT level=31 fog=true monsters_peak=41 moving_frames=126 locked_lane_frames=46 next=1 campaign=false hell=false simulated=9.033
PASS S31_DEPARTURE_WAS_ACCEPTED :: true
PASS S31_REALLY_ENTERED_COMBAT :: state=COMBAT
PASS S31_RAN_AS_THE_REQUESTED_STAGE :: level=31
PASS S31_HELL_DARKNESS_IS_APPLIED :: fog=true
PASS S31_REALLY_SPAWNED_ENEMIES :: peak=41
PASS S31_PLAYER_COULD_MOVE :: moving frames=126
PASS S31_NINE_SIMULATED_SECONDS :: simulated=9.033
PASS S31_LEFT_THE_CAMPAIGN_POINTER_ALONE :: next=1
PASS S31_CLAIMED_NO_COMPLETION :: campaign=false hell=false
PASS S35_TOUR_LINE_PRESENT :: [stage-tour] stage=35 departed=true state=COMBAT level=35 fog=true monsters_peak=68 moving_frames=127 locked_lane_frames=65 next=1 campaign=false hell=false simulated=9.000
PASS S35_DEPARTURE_WAS_ACCEPTED :: true
PASS S35_REALLY_ENTERED_COMBAT :: state=COMBAT
PASS S35_RAN_AS_THE_REQUESTED_STAGE :: level=35
PASS S35_HELL_DARKNESS_IS_APPLIED :: fog=true
PASS S35_REALLY_SPAWNED_ENEMIES :: peak=68
PASS S35_PLAYER_COULD_MOVE :: moving frames=127
PASS S35_NINE_SIMULATED_SECONDS :: simulated=9.000
PASS S35_LEFT_THE_CAMPAIGN_POINTER_ALONE :: next=1
PASS S35_CLAIMED_NO_COMPLETION :: campaign=false hell=false
PASS S39_TOUR_LINE_PRESENT :: [stage-tour] stage=39 departed=true state=COMBAT level=39 fog=true monsters_peak=84 moving_frames=134 locked_lane_frames=69 next=1 campaign=false hell=false simulated=9.000
PASS S39_DEPARTURE_WAS_ACCEPTED :: true
PASS S39_REALLY_ENTERED_COMBAT :: state=COMBAT
PASS S39_RAN_AS_THE_REQUESTED_STAGE :: level=39
PASS S39_HELL_DARKNESS_IS_APPLIED :: fog=true
PASS S39_REALLY_SPAWNED_ENEMIES :: peak=84
PASS S39_PLAYER_COULD_MOVE :: moving frames=134
PASS S39_NINE_SIMULATED_SECONDS :: simulated=9.000
PASS S39_LEFT_THE_CAMPAIGN_POINTER_ALONE :: next=1
PASS S39_CLAIMED_NO_COMPLETION :: campaign=false hell=false
PASS S40_TOUR_LINE_PRESENT :: [stage-tour] stage=40 departed=true state=COMBAT level=40 fog=true monsters_peak=1 moving_frames=134 locked_lane_frames=85 next=1 campaign=false hell=false simulated=9.000
PASS S40_DEPARTURE_WAS_ACCEPTED :: true
PASS S40_REALLY_ENTERED_COMBAT :: state=COMBAT
PASS S40_RAN_AS_THE_REQUESTED_STAGE :: level=40
PASS S40_HELL_DARKNESS_IS_APPLIED :: fog=true
PASS S40_REALLY_SPAWNED_ENEMIES :: peak=1
PASS S40_PLAYER_COULD_MOVE :: moving frames=134
PASS S40_NINE_SIMULATED_SECONDS :: simulated=9.000
PASS S40_LEFT_THE_CAMPAIGN_POINTER_ALONE :: next=1
PASS S40_CLAIMED_NO_COMPLETION :: campaign=false hell=false
PASS C_LINE_FOOTPRINTS_WERE_OBSERVED :: 964 lane observations across 1296 samples (up to 3 live footprints)
PASS C_A_FROZEN_LANE_WAS_OBSERVED_WITH_TIME_TO_RUN :: 462 samples of a frozen lane before it fired
PASS C_A_STATIC_FROZEN_LANE_NEVER_TURNED :: no static frozen lane changed direction (0 samples from lanes that declare a sweep)
PASS C_A_FROZEN_LANE_FIRED_AT_ITS_FROZEN_GEOMETRY :: 189 samples of a frozen lane in its active phase
PASS NO_PAGE_ERRORS :: 1 audio-autoplay notices ignored

B11_STAGERUN tokens=46 failures=0 wall_clock=57s
