Godot Engine v4.7.2.stable.official.ed1daf0bf - https://godotengine.org

[boot-probe] demo_ready t=2064
[boot-probe] utils_ready t=2065
[boot] title menu drawn t=2583
[boot-probe] controlui_ready t=2583
PASS purchase 121
PASS real firing collision damage 121
PASS single group consumes once 121
PASS empty firing safe 121
PASS real timed reload 121
PASS pause stops firing 121
PASS purchase 122
PASS real firing collision damage 122
PASS single group consumes once 122
PASS empty firing safe 122
PASS real timed reload 122
PASS pause stops firing 122
PASS purchase 124
PASS real firing collision damage 124
PASS single group consumes once 124
PASS empty firing safe 124
PASS real timed reload 124
PASS pause stops firing 124
PASS purchase 111
PASS real firing collision damage 111
PASS single group consumes once 111
PASS empty firing safe 111
PASS real timed reload 111
PASS pause stops firing 111
PASS purchase 113
PASS real firing collision damage 113
PASS single group consumes once 113
PASS empty firing safe 113
PASS real timed reload 113
PASS pause stops firing 113
PASS purchase 115
PASS real firing collision damage 115
PASS single group consumes once 115
PASS empty firing safe 115
PASS real timed reload 115
PASS pause stops firing 115
PASS purchase 116
PASS real firing collision damage 116
PASS single group consumes once 116
PASS empty firing safe 116
PASS real timed reload 116
PASS pause stops firing 116
PASS purchase 117
PASS real firing collision damage 117
PASS single group consumes once 117
PASS empty firing safe 117
PASS real timed reload 117
PASS pause stops firing 117
PASS purchase 118
PASS real firing collision damage 118
PASS single group consumes once 118
PASS empty firing safe 118
PASS real timed reload 118
PASS pause stops firing 118
PASS purchase 119
PASS real firing collision damage 119
PASS single group consumes once 119
PASS empty firing safe 119
PASS real timed reload 119
PASS pause stops firing 119
PASS purchase 120
PASS real firing collision damage 120
PASS single group consumes once 120
PASS empty firing safe 120
PASS real timed reload 120
PASS pause stops firing 120
PASS ricochet actual reflected collision
PASS mother and fragment actual distinct hits
PASS fragment depth one
PASS dead homing target safely expires
PASS corner finite bounces and lifetime
PASS camp cleanup
M3 SUMMARY checks=72 failures=0
