Godot Engine v4.7.2.stable.official.ed1daf0bf - https://godotengine.org

[boot-probe] demo_ready t=2180
[boot-probe] utils_ready t=2181
[boot] title menu drawn t=2857
[boot-probe] controlui_ready t=2858
PASS B14 current-source and raw-evidence manifest exists
PASS B14 source fingerprint autoload/Combat.gd
PASS B14 source fingerprint autoload/ConfigUtils.gd
PASS B14 source fingerprint autoload/Demo.gd
PASS B14 source fingerprint autoload/PlayerData.gd
PASS B14 source fingerprint autoload/server/EquipServer.gd
PASS B14 source fingerprint autoload/server/LevelServer.gd
PASS B14 source fingerprint autoload/server/MapServer.gd
PASS B14 source fingerprint autoload/server/PlayerServer.gd
PASS B14 source fingerprint autoload/server/RewardServer.gd
PASS B14 source fingerprint autoload/Smoke.gd
PASS B14 source fingerprint autoload/Utils.gd
PASS B14 source fingerprint autoload/Warmup.gd
PASS B14 source fingerprint game/attachments/A110.tscn
PASS B14 source fingerprint game/attachments/A111.tscn
PASS B14 source fingerprint game/attachments/A112.tscn
PASS B14 source fingerprint game/attachments/A113.tscn
PASS B14 source fingerprint game/attachments/A114.tscn
PASS B14 source fingerprint game/attachments/A115.tscn
PASS B14 source fingerprint game/attachments/A116.tscn
PASS B14 source fingerprint game/attachments/A117.tscn
PASS B14 source fingerprint game/attachments/A118.tscn
PASS B14 source fingerprint game/attachments/A119.tscn
PASS B14 source fingerprint game/attachments/A120.tscn
PASS B14 source fingerprint game/attachments/A121.tscn
PASS B14 source fingerprint game/attachments/A122.tscn
PASS B14 source fingerprint game/attachments/A123.tscn
PASS B14 source fingerprint game/attachments/A124.tscn
PASS B14 source fingerprint game/attachments/BaseAttachment.gd
PASS B14 source fingerprint game/attachments/ExtendedRifleMagazine.gd
PASS B14 source fingerprint game/attachments/ExtendedRifleMagazine.tscn
PASS B14 source fingerprint game/attachments/GrenadeLauncher.gd
PASS B14 source fingerprint game/attachments/GrenadeLauncher.tscn
PASS B14 source fingerprint game/attachments/MachineGunMagazine.gd
PASS B14 source fingerprint game/attachments/MachineGunMagazine.tscn
PASS B14 source fingerprint game/attachments/QuickdrawMagazine.gd
PASS B14 source fingerprint game/attachments/QuickdrawMagazine.tscn
PASS B14 source fingerprint game/attachments/QuickExpansionMagazine.gd
PASS B14 source fingerprint game/attachments/QuickExpansionMagazine.tscn
PASS B14 source fingerprint game/attachments/ShotgunShellPouch.gd
PASS B14 source fingerprint game/attachments/ShotgunShellPouch.tscn
PASS B14 source fingerprint game/attachments/SubmachineGunMagazine.gd
PASS B14 source fingerprint game/attachments/SubmachineGunMagazine.tscn
PASS B14 source fingerprint game/attachments/SuperUniversalMagazine.tscn
PASS B14 source fingerprint game/attachments/UniversalExtendedMagazines.gd
PASS B14 source fingerprint game/attachments/UniversalExtendedMagazines.tscn
PASS B14 source fingerprint game/BaseFrame.gd
PASS B14 source fingerprint game/bullets/BabyBullet.tscn
PASS B14 source fingerprint game/bullets/Bullet.gd
PASS B14 source fingerprint game/bullets/Bullet.tscn
PASS B14 source fingerprint game/bullets/BulletImpact.tscn
PASS B14 source fingerprint game/bullets/BulletShell.gd
PASS B14 source fingerprint game/bullets/BulletShell.tscn
PASS B14 source fingerprint game/bullets/BulletSmoke.tscn
PASS B14 source fingerprint game/bullets/MechanismProjectile.gd
PASS B14 source fingerprint game/bullets/PlasmaBullet.gd
PASS B14 source fingerprint game/bullets/SmpBullet.gd
PASS B14 source fingerprint game/bullets/SmpBullet.tscn
PASS B14 source fingerprint game/config/ArenaHazards.gd
PASS B14 source fingerprint game/config/AttachmentCatalog.gd
PASS B14 source fingerprint game/config/CampSaveStore.gd
PASS B14 source fingerprint game/config/CampSnapshot.gd
PASS B14 source fingerprint game/config/CombatStatus.gd
PASS B14 source fingerprint game/config/DemoConfig.gd
PASS B14 source fingerprint game/config/EffectiveStats.gd
PASS B14 source fingerprint game/config/HellMode.gd
PASS B14 source fingerprint game/config/LevelProgression.gd
PASS B14 source fingerprint game/config/M5Content.gd
PASS B14 source fingerprint game/config/StatLedger.gd
PASS B14 source fingerprint game/config/WeaponCatalog.gd
PASS B14 source fingerprint game/diag/B11Probe.gd
PASS B14 source fingerprint game/diag/B11Stress.gd
PASS B14 source fingerprint game/effects/CombatEffect.gd
PASS B14 source fingerprint game/effects/CombatFootprint.gd
PASS B14 source fingerprint game/effects/CombatTelegraph.gd
PASS B14 source fingerprint game/effects/EliteAura.gd
PASS B14 source fingerprint game/effects/GravityField.gd
PASS B14 source fingerprint game/effects/HostileVFX.gd
PASS B14 source fingerprint game/effects/TierMuzzle.gd
PASS B14 source fingerprint game/equip/BaseEquip.gd
PASS B14 source fingerprint game/equip/EquipOnFloor.gd
PASS B14 source fingerprint game/equip/EquipOnFloor.tscn
PASS B14 source fingerprint game/equip/Flamethrower.tscn
PASS B14 source fingerprint game/equip/High-Energy Particle Cannon.tscn
PASS B14 source fingerprint game/Game.tscn
PASS B14 source fingerprint game/guns/AlienMachine.gd
PASS B14 source fingerprint game/guns/AlienMachine.tscn
PASS B14 source fingerprint game/guns/AlienRifle.gd
PASS B14 source fingerprint game/guns/AlienRifle.tscn
PASS B14 source fingerprint game/guns/ArcCaster.gd
PASS B14 source fingerprint game/guns/ArcCaster.tscn
PASS B14 source fingerprint game/guns/BabyZapZap.gd
PASS B14 source fingerprint game/guns/BabyZapZap.tscn
PASS B14 source fingerprint game/guns/BaseGun.gd
PASS B14 source fingerprint game/guns/BoomBoi.gd
PASS B14 source fingerprint game/guns/BoomBoi.tscn
PASS B14 source fingerprint game/guns/BurstCarbine.gd
PASS B14 source fingerprint game/guns/BurstCarbine.tscn
PASS B14 source fingerprint game/guns/EmpireShotgun.gd
PASS B14 source fingerprint game/guns/EmpireShotgun.tscn
PASS B14 source fingerprint game/guns/GunSprite.gd
PASS B14 source fingerprint game/guns/GunSprite.tscn
PASS B14 source fingerprint game/guns/MechanismGun.gd
PASS B14 source fingerprint game/guns/PlasmaOrb.gd
PASS B14 source fingerprint game/guns/PlasmaOrb.tscn
PASS B14 source fingerprint game/guns/RebalShotgun.gd
PASS B14 source fingerprint game/guns/RebalShotgun.tscn
PASS B14 source fingerprint game/guns/ShotgunBlaster.gd
PASS B14 source fingerprint game/guns/ShotgunBlaster.tscn
PASS B14 source fingerprint game/guns/Sniper.gd
PASS B14 source fingerprint game/guns/Sniper.tscn
PASS B14 source fingerprint game/guns/Uzi.gd
PASS B14 source fingerprint game/guns/Uzi.tscn
PASS B14 source fingerprint game/guns/W11.tscn
PASS B14 source fingerprint game/guns/W13.tscn
PASS B14 source fingerprint game/guns/W15.tscn
PASS B14 source fingerprint game/guns/W16.tscn
PASS B14 source fingerprint game/guns/W17.tscn
PASS B14 source fingerprint game/guns/W18.tscn
PASS B14 source fingerprint game/guns/W19.tscn
PASS B14 source fingerprint game/guns/W20.tscn
PASS B14 source fingerprint game/guns/W21.tscn
PASS B14 source fingerprint game/guns/W22.tscn
PASS B14 source fingerprint game/guns/W24.tscn
PASS B14 source fingerprint game/hero/Camera2D.gd
PASS B14 source fingerprint game/hero/DashObj.tscn
PASS B14 source fingerprint game/hero/effect/LevelUpEffect.tscn
PASS B14 source fingerprint game/hero/gpu_particles_2d.tscn
PASS B14 source fingerprint game/hero/Hero.gd
PASS B14 source fingerprint game/hero/Hero.tscn
PASS B14 source fingerprint game/hero/RootFeedback.gd
PASS B14 source fingerprint game/items/BaseItem.gd
PASS B14 source fingerprint game/items/Gold.gd
PASS B14 source fingerprint game/items/Gold.tscn
PASS B14 source fingerprint game/items/HpPack.gd
PASS B14 source fingerprint game/items/HpPack.tscn
PASS B14 source fingerprint game/items/vfxThunder.tscn
PASS B14 source fingerprint game/map/ArenaHazardDirector.gd
PASS B14 source fingerprint game/map/ArenaVisibility.gd
PASS B14 source fingerprint game/map/CombatArena.gd
PASS B14 source fingerprint game/map/FogPierce.gd
PASS B14 source fingerprint game/map/FogPierceCanvas.gd
PASS B14 source fingerprint game/map/Main.tscn
PASS B14 source fingerprint game/map/mapTown/Town.gd
PASS B14 source fingerprint game/map/mapTown/Town.tscn
PASS B14 source fingerprint game/map/Moon/Moon.gd
PASS B14 source fingerprint game/map/Moon/Moon.tscn
PASS B14 source fingerprint game/map/RegionTheme.gd
PASS B14 source fingerprint game/map/SnowWorld/MonsterBuilder.gd
PASS B14 source fingerprint game/map/SnowWorld/SnowWorld.gd
PASS B14 source fingerprint game/map/SnowWorld/SnowWorld.tscn
PASS B14 source fingerprint game/map/StageHazard.gd
PASS B14 source fingerprint game/map/test.gd
PASS B14 source fingerprint game/monster/BaseMonster.gd
PASS B14 source fingerprint game/monster/BaseMonster.tscn
PASS B14 source fingerprint game/monster/BossUltimate.gd
PASS B14 source fingerprint game/monster/DemoEnemy.gd
PASS B14 source fingerprint game/monster/EnemyBarrage.gd
PASS B14 source fingerprint game/monster/EnemyShot.gd
PASS B14 source fingerprint game/monster/Ghoul/Ghoul.gd
PASS B14 source fingerprint game/monster/Ghoul/Ghoul.tscn
PASS B14 source fingerprint game/monster/HostileZone.gd
PASS B14 source fingerprint game/monster/Monster 1/Monster1.gd
PASS B14 source fingerprint game/monster/Monster 1/Monster1.tscn
PASS B14 source fingerprint game/monster/Monster 2/Monster2.gd
PASS B14 source fingerprint game/monster/Monster 2/Monster2.tscn
PASS B14 source fingerprint game/monster/TacticalEnemy.gd
PASS B14 source fingerprint game/npc/MapNpc.gd
PASS B14 source fingerprint game/npc/MapNpc.tscn
PASS B14 source fingerprint game/npc/RewardNpc.gd
PASS B14 source fingerprint game/npc/RewardNpc.tscn
PASS B14 source fingerprint game/other/FireEffect.tscn
PASS B14 source fingerprint game/other/Grenade.gd
PASS B14 source fingerprint game/other/Grenade.tscn
PASS B14 source fingerprint game/other/Portal.gd
PASS B14 source fingerprint game/other/Portal.tscn
PASS B14 source fingerprint game/reward/AlienHelmentReward.gd
PASS B14 source fingerprint game/reward/AlienHelmentReward.tscn
PASS B14 source fingerprint game/reward/AmberSickle.tscn
PASS B14 source fingerprint game/reward/AmberStar.gd
PASS B14 source fingerprint game/reward/AmberStar.tscn
PASS B14 source fingerprint game/reward/BaseReward.gd
PASS B14 source fingerprint game/reward/Battery.tscn
PASS B14 source fingerprint game/reward/BlueAxe.gd
PASS B14 source fingerprint game/reward/BlueAxe.tscn
PASS B14 source fingerprint game/reward/BlueBacteria.tscn
PASS B14 source fingerprint game/reward/BlueBoots.gd
PASS B14 source fingerprint game/reward/BlueBoots.tscn
PASS B14 source fingerprint game/reward/BlueCircuit.tscn
PASS B14 source fingerprint game/reward/CombatReward.gd
PASS B14 source fingerprint game/reward/GoldReward.gd
PASS B14 source fingerprint game/reward/GoldReward.tscn
PASS B14 source fingerprint game/reward/HeathPack.gd
PASS B14 source fingerprint game/reward/HeathPack.tscn
PASS B14 source fingerprint game/reward/HpReward.gd
PASS B14 source fingerprint game/reward/HpReward.tscn
PASS B14 source fingerprint game/reward/Reward12.tscn
PASS B14 source fingerprint game/reward/Reward13.tscn
PASS B14 source fingerprint game/reward/Reward14.tscn
PASS B14 source fingerprint game/reward/Reward15.tscn
PASS B14 source fingerprint game/reward/Reward16.tscn
PASS B14 source fingerprint game/reward/Reward17.tscn
PASS B14 source fingerprint game/reward/Reward18.tscn
PASS B14 source fingerprint game/reward/Reward19.tscn
PASS B14 source fingerprint game/reward/Reward20.tscn
PASS B14 source fingerprint game/reward/Reward21.tscn
PASS B14 source fingerprint game/reward/Reward22.tscn
PASS B14 source fingerprint game/reward/Reward23.tscn
PASS B14 source fingerprint game/reward/WarningShield.gd
PASS B14 source fingerprint game/reward/WarningShield.tscn
PASS B14 source fingerprint game/survival_effect/GuidanceDeviceEffect.tscn
PASS B14 source fingerprint game/survival_effect/IncendiaryEffect.tscn
PASS B14 source fingerprint game/survival_effect/StunEffect.tscn
PASS B14 source fingerprint game/survival_skill/level1/Aim Enhancement.tscn
PASS B14 source fingerprint game/survival_skill/level1/Firearm enhancement.tscn
PASS B14 source fingerprint game/survival_skill/level1/Firepower Enhancement.tscn
PASS B14 source fingerprint game/survival_skill/level1/Flashbang Grenade.tscn
PASS B14 source fingerprint game/survival_skill/level1/Grizzly Armor.tscn
PASS B14 source fingerprint game/survival_skill/level1/Guidance Device.tscn
PASS B14 source fingerprint game/survival_skill/level1/Healing Device.tscn
PASS B14 source fingerprint game/survival_skill/level1/Incendiary Bullet.tscn
PASS B14 source fingerprint game/survival_skill/level1/Power Core.tscn
PASS B14 source fingerprint game/survival_skill/level1/Quick Reload Magazine.tscn
PASS B14 source fingerprint game/survival_skill/level1/Spare Magazine.tscn
PASS B14 source fingerprint project.godot
PASS B14 source fingerprint tests/AimProvider.gd
PASS B14 source fingerprint tests/AimProvider.tscn
PASS B14 source fingerprint tests/AimWeaponCoverage.gd
PASS B14 source fingerprint tests/AimWeaponCoverage.tscn
PASS B14 source fingerprint tests/AmmoBarCoverage.gd
PASS B14 source fingerprint tests/AmmoBarCoverage.tscn
PASS B14 source fingerprint tests/B10Threat.gd
PASS B14 source fingerprint tests/B10Threat.tscn
PASS B14 source fingerprint tests/B11Fairness.gd
PASS B14 source fingerprint tests/B11Fairness.tscn
PASS B14 source fingerprint tests/B11FogCache.gd
PASS B14 source fingerprint tests/B11FogCache.tscn
PASS B14 source fingerprint tests/B11Perf.gd
PASS B14 source fingerprint tests/B11Perf.tscn
PASS B14 source fingerprint tests/B11ShotLayer.gd
PASS B14 source fingerprint tests/B11ShotLayer.tscn
PASS B14 source fingerprint tests/B11Stages.gd
PASS B14 source fingerprint tests/B11Stages.tscn
PASS B14 source fingerprint tests/B11ZoneClip.gd
PASS B14 source fingerprint tests/B11ZoneClip.tscn
PASS B14 source fingerprint tests/B11ZoneVisual.gd
PASS B14 source fingerprint tests/B11ZoneVisual.tscn
PASS B14 source fingerprint tests/B12Catalog.gd
PASS B14 source fingerprint tests/B12Catalog.tscn
PASS B14 source fingerprint tests/B12LineOfSightRegression.gd
PASS B14 source fingerprint tests/B12LineOfSightRegression.tscn
PASS B14 source fingerprint tests/B12Save.gd
PASS B14 source fingerprint tests/B12Save.tscn
PASS B14 source fingerprint tests/B12Strength.gd
PASS B14 source fingerprint tests/B12Strength.tscn
PASS B14 source fingerprint tests/B12UI.gd
PASS B14 source fingerprint tests/B12UI.tscn
PASS B14 source fingerprint tests/B12Visual.gd
PASS B14 source fingerprint tests/B12Visual.tscn
PASS B14 source fingerprint tests/B12WeaponBench.gd
PASS B14 source fingerprint tests/B12WeaponBench.tscn
PASS B14 source fingerprint tests/B13Catalog.gd
PASS B14 source fingerprint tests/B13Catalog.tscn
PASS B14 source fingerprint tests/B13Economy.gd
PASS B14 source fingerprint tests/B13Economy.tscn
PASS B14 source fingerprint tests/B13GrowthBench.gd
PASS B14 source fingerprint tests/B13GrowthBench.tscn
PASS B14 source fingerprint tests/B13Strength.gd
PASS B14 source fingerprint tests/B13Strength.tscn
PASS B14 source fingerprint tests/B13TalentEffects.gd
PASS B14 source fingerprint tests/B13TalentEffects.tscn
PASS B14 source fingerprint tests/B13UI.gd
PASS B14 source fingerprint tests/B13UI.tscn
PASS B14 source fingerprint tests/B13Unequip.gd
PASS B14 source fingerprint tests/B13Unequip.tscn
PASS B14 source fingerprint tests/B13UpgradeEffects.gd
PASS B14 source fingerprint tests/B13UpgradeEffects.tscn
PASS B14 source fingerprint tests/B13Visual.gd
PASS B14 source fingerprint tests/B13Visual.tscn
PASS B14 source fingerprint tests/B14AttackVisual.gd
PASS B14 source fingerprint tests/B14AttackVisual.tscn
PASS B14 source fingerprint tests/B14CombatExtension.gd
PASS B14 source fingerprint tests/B14CombatExtension.tscn
PASS B14 source fingerprint tests/B14EncounterBench.gd
PASS B14 source fingerprint tests/B14EncounterBench.tscn
PASS B14 source fingerprint tests/B14EncounterContracts.gd
PASS B14 source fingerprint tests/B14EncounterContracts.tscn
PASS B14 source fingerprint tests/B14Evidence.gd
PASS B14 source fingerprint tests/B14Evidence.tscn
PASS B14 source fingerprint tests/B14Feedback.gd
PASS B14 source fingerprint tests/B14Feedback.tscn
PASS B14 source fingerprint tests/B14FixedPerf.gd
PASS B14 source fingerprint tests/B14FixedPerf.tscn
PASS B14 source fingerprint tests/B14Growth.gd
PASS B14 source fingerprint tests/B14Growth.tscn
PASS B14 source fingerprint tests/B14GrowthMatrix.gd
PASS B14 source fingerprint tests/B14GrowthMatrix.tscn
PASS B14 source fingerprint tests/B14HordeBench.gd
PASS B14 source fingerprint tests/B14HordeBench.tscn
PASS B14 source fingerprint tests/B14Loadout.gd
PASS B14 source fingerprint tests/B14Loadout.tscn
PASS B14 source fingerprint tests/B14Rail.gd
PASS B14 source fingerprint tests/B14Rail.tscn
PASS B14 source fingerprint tests/B3Hazards.gd
PASS B14 source fingerprint tests/B3Hazards.tscn
PASS B14 source fingerprint tests/B4Fog.gd
PASS B14 source fingerprint tests/B4Fog.tscn
PASS B14 source fingerprint tests/B5Bosses.gd
PASS B14 source fingerprint tests/B5Bosses.tscn
PASS B14 source fingerprint tests/B6Progression.gd
PASS B14 source fingerprint tests/B6Progression.tscn
PASS B14 source fingerprint tests/B8BossFair.gd
PASS B14 source fingerprint tests/B8BossFair.tscn
PASS B14 source fingerprint tests/B8Contracts.gd
PASS B14 source fingerprint tests/B8Contracts.tscn
PASS B14 source fingerprint tests/B8Normal.gd
PASS B14 source fingerprint tests/B8Normal.tscn
PASS B14 source fingerprint tests/B8Probe.gd
PASS B14 source fingerprint tests/B8Runtime.gd
PASS B14 source fingerprint tests/B9Driver.gd
PASS B14 source fingerprint tests/B9Driver.tscn
PASS B14 source fingerprint tests/B9Normal.gd
PASS B14 source fingerprint tests/B9Normal.tscn
PASS B14 source fingerprint tests/BaselineRegression.gd
PASS B14 source fingerprint tests/BaselineRegression.tscn
PASS B14 source fingerprint tests/BVisual.gd
PASS B14 source fingerprint tests/BVisual.tscn
PASS B14 source fingerprint tests/CampPresentation.gd
PASS B14 source fingerprint tests/CampPresentation.tscn
PASS B14 source fingerprint tests/ContractRunner.gd
PASS B14 source fingerprint tests/ContractRunner.tscn
PASS B14 source fingerprint tests/FontAudit.gd
PASS B14 source fingerprint tests/FontAudit.tscn
PASS B14 source fingerprint tests/M10Barrage.gd
PASS B14 source fingerprint tests/M10Barrage.tscn
PASS B14 source fingerprint tests/M10Bosses.gd
PASS B14 source fingerprint tests/M10Bosses.tscn
PASS B14 source fingerprint tests/M10Density.gd
PASS B14 source fingerprint tests/M10Density.tscn
PASS B14 source fingerprint tests/M10Growth.gd
PASS B14 source fingerprint tests/M10Growth.tscn
PASS B14 source fingerprint tests/M10Interaction.gd
PASS B14 source fingerprint tests/M10Interaction.tscn
PASS B14 source fingerprint tests/M10Perf.gd
PASS B14 source fingerprint tests/M10Perf.tscn
PASS B14 source fingerprint tests/M10RewardAudit.gd
PASS B14 source fingerprint tests/M10RewardAudit.tscn
PASS B14 source fingerprint tests/M10RewardMatrix.gd
PASS B14 source fingerprint tests/M10RewardMatrix.tscn
PASS B14 source fingerprint tests/M10Ultimate.gd
PASS B14 source fingerprint tests/M10Ultimate.tscn
PASS B14 source fingerprint tests/M10Visual.gd
PASS B14 source fingerprint tests/M10Visual.tscn
PASS B14 source fingerprint tests/M11Builds.gd
PASS B14 source fingerprint tests/M11Clarity.gd
PASS B14 source fingerprint tests/M11Clarity.tscn
PASS B14 source fingerprint tests/M11Horde.gd
PASS B14 source fingerprint tests/M11Horde.tscn
PASS B14 source fingerprint tests/M11HordeContracts.gd
PASS B14 source fingerprint tests/M11HordeContracts.tscn
PASS B14 source fingerprint tests/M11Navigation.gd
PASS B14 source fingerprint tests/M11Navigation.tscn
PASS B14 source fingerprint tests/M11SaveMigration.gd
PASS B14 source fingerprint tests/M11SaveMigration.tscn
PASS B14 source fingerprint tests/M11SaveProbe.gd
PASS B14 source fingerprint tests/M11SaveProbe.tscn
PASS B14 source fingerprint tests/M11Spawn.gd
PASS B14 source fingerprint tests/M11Spawn.tscn
PASS B14 source fingerprint tests/M12Lesson.gd
PASS B14 source fingerprint tests/M12Lesson.tscn
PASS B14 source fingerprint tests/M12Native.gd
PASS B14 source fingerprint tests/M12Native.tscn
PASS B14 source fingerprint tests/M12UX.gd
PASS B14 source fingerprint tests/M12UX.tscn
PASS B14 source fingerprint tests/M34LongRun.gd
PASS B14 source fingerprint tests/M34LongRun.tscn
PASS B14 source fingerprint tests/M3Energy.gd
PASS B14 source fingerprint tests/M3Energy.tscn
PASS B14 source fingerprint tests/M3Special.gd
PASS B14 source fingerprint tests/M3Special.tscn
PASS B14 source fingerprint tests/M3Weapons.gd
PASS B14 source fingerprint tests/M3Weapons.tscn
PASS B14 source fingerprint tests/M4Attachments.gd
PASS B14 source fingerprint tests/M4Attachments.tscn
PASS B14 source fingerprint tests/M4Combinations.gd
PASS B14 source fingerprint tests/M4Combinations.tscn
PASS B14 source fingerprint tests/M4Mechanics.gd
PASS B14 source fingerprint tests/M4Mechanics.tscn
PASS B14 source fingerprint tests/M4Persistence.gd
PASS B14 source fingerprint tests/M4Persistence.tscn
PASS B14 source fingerprint tests/M4Talents.gd
PASS B14 source fingerprint tests/M4Talents.tscn
PASS B14 source fingerprint tests/M4ThermalClock.gd
PASS B14 source fingerprint tests/M4ThermalClock.tscn
PASS B14 source fingerprint tests/M4UI.gd
PASS B14 source fingerprint tests/M4UI.tscn
PASS B14 source fingerprint tests/M5BossCombat.gd
PASS B14 source fingerprint tests/M5BossCombat.tscn
PASS B14 source fingerprint tests/M5Enemies.gd
PASS B14 source fingerprint tests/M5Enemies.tscn
PASS B14 source fingerprint tests/M5LongRun.gd
PASS B14 source fingerprint tests/M5LongRun.tscn
PASS B14 source fingerprint tests/M5Mechanics.gd
PASS B14 source fingerprint tests/M5Mechanics.tscn
PASS B14 source fingerprint tests/M5Pressure.gd
PASS B14 source fingerprint tests/M5Pressure.tscn
PASS B14 source fingerprint tests/M5World.gd
PASS B14 source fingerprint tests/M5World.tscn
PASS B14 source fingerprint tests/M6AudioExit.gd
PASS B14 source fingerprint tests/M6AudioExit.tscn
PASS B14 source fingerprint tests/M6BossStops.gd
PASS B14 source fingerprint tests/M6BossStops.tscn
PASS B14 source fingerprint tests/M6Contracts.gd
PASS B14 source fingerprint tests/M6Contracts.tscn
PASS B14 source fingerprint tests/M6Cross.gd
PASS B14 source fingerprint tests/M6Cross.tscn
PASS B14 source fingerprint tests/M6EncounterAudit.gd
PASS B14 source fingerprint tests/M6EncounterAudit.tscn
PASS B14 source fingerprint tests/M6GPUCleanup.gd
PASS B14 source fingerprint tests/M6GPUCleanup.tscn
PASS B14 source fingerprint tests/M6Layout.gd
PASS B14 source fingerprint tests/M6Layout.tscn
PASS B14 source fingerprint tests/M6LongRun.gd
PASS B14 source fingerprint tests/M6LongRun.tscn
PASS B14 source fingerprint tests/M6Outlier.gd
PASS B14 source fingerprint tests/M6Outlier.tscn
PASS B14 source fingerprint tests/M6ProfileScope.gd
PASS B14 source fingerprint tests/M6SaveUI.gd
PASS B14 source fingerprint tests/M6SaveUI.tscn
PASS B14 source fingerprint tests/M7Contracts.gd
PASS B14 source fingerprint tests/M7Contracts.tscn
PASS B14 source fingerprint tests/M7EncounterAudit.gd
PASS B14 source fingerprint tests/M7EncounterAudit.tscn
PASS B14 source fingerprint tests/M7ExitWallet.gd
PASS B14 source fingerprint tests/M7ExitWallet.tscn
PASS B14 source fingerprint tests/M7Fixtures.gd
PASS B14 source fingerprint tests/M7Inventory.gd
PASS B14 source fingerprint tests/M7Inventory.tscn
PASS B14 source fingerprint tests/M7MainExit.gd
PASS B14 source fingerprint tests/M7MainExit.tscn
PASS B14 source fingerprint tests/M7Migration.gd
PASS B14 source fingerprint tests/M7Migration.tscn
PASS B14 source fingerprint tests/M7Shop.gd
PASS B14 source fingerprint tests/M7Shop.tscn
PASS B14 source fingerprint tests/M7TierBench.gd
PASS B14 source fingerprint tests/M7TierBench.tscn
PASS B14 source fingerprint tests/M7Visual.gd
PASS B14 source fingerprint tests/M7Visual.tscn
PASS B14 source fingerprint tests/M8Baseline.gd
PASS B14 source fingerprint tests/M8Baseline.tscn
PASS B14 source fingerprint tests/M8Bosses.gd
PASS B14 source fingerprint tests/M8Bosses.tscn
PASS B14 source fingerprint tests/M8Contracts.gd
PASS B14 source fingerprint tests/M8Contracts.tscn
PASS B14 source fingerprint tests/M8DamageProbe.gd
PASS B14 source fingerprint tests/M8DPS.gd
PASS B14 source fingerprint tests/M8DPS.tscn
PASS B14 source fingerprint tests/M8Encounters.gd
PASS B14 source fingerprint tests/M8Encounters.tscn
PASS B14 source fingerprint tests/M8Globals.gd
PASS B14 source fingerprint tests/M8Globals.tscn
PASS B14 source fingerprint tests/M8Mechanics.gd
PASS B14 source fingerprint tests/M8Mechanics.tscn
PASS B14 source fingerprint tests/M8Perf.gd
PASS B14 source fingerprint tests/M8Perf.tscn
PASS B14 source fingerprint tests/M8R1Telegraphs.gd
PASS B14 source fingerprint tests/M8R1Telegraphs.tscn
PASS B14 source fingerprint tests/M8Refill.gd
PASS B14 source fingerprint tests/M8Refill.tscn
PASS B14 source fingerprint tests/M8Runtime.gd
PASS B14 source fingerprint tests/M8Supply.gd
PASS B14 source fingerprint tests/M8Supply.tscn
PASS B14 source fingerprint tests/M8UI.gd
PASS B14 source fingerprint tests/M8UI.tscn
PASS B14 source fingerprint tests/M8Visual.gd
PASS B14 source fingerprint tests/M8Visual.tscn
PASS B14 source fingerprint tests/M9Barrage.gd
PASS B14 source fingerprint tests/M9Barrage.tscn
PASS B14 source fingerprint tests/M9BarrageVisual.gd
PASS B14 source fingerprint tests/M9BarrageVisual.tscn
PASS B14 source fingerprint tests/M9Beam.gd
PASS B14 source fingerprint tests/M9Beam.tscn
PASS B14 source fingerprint tests/M9BeamVisual.gd
PASS B14 source fingerprint tests/M9BeamVisual.tscn
PASS B14 source fingerprint tests/M9Bosses.gd
PASS B14 source fingerprint tests/M9Bosses.tscn
PASS B14 source fingerprint tests/M9Catalog.gd
PASS B14 source fingerprint tests/M9Catalog.tscn
PASS B14 source fingerprint tests/M9Paths.gd
PASS B14 source fingerprint tests/M9Paths.tscn
PASS B14 source fingerprint tests/M9Perf.gd
PASS B14 source fingerprint tests/M9Perf.tscn
PASS B14 source fingerprint tests/M9Power.gd
PASS B14 source fingerprint tests/M9Power.tscn
PASS B14 source fingerprint tests/M9Presentation.gd
PASS B14 source fingerprint tests/M9Presentation.tscn
PASS B14 source fingerprint tests/M9Regions.gd
PASS B14 source fingerprint tests/M9Regions.tscn
PASS B14 source fingerprint tests/M9WeaponVisual.gd
PASS B14 source fingerprint tests/M9WeaponVisual.tscn
PASS B14 source fingerprint tests/Manifest.gd
PASS B14 source fingerprint tests/Manifest.tscn
PASS B14 source fingerprint tests/PresentationBosses.gd
PASS B14 source fingerprint tests/PresentationBosses.tscn
PASS B14 source fingerprint tests/PresentationBoundary.gd
PASS B14 source fingerprint tests/PresentationBoundary.tscn
PASS B14 source fingerprint tests/PresentationCampPressure.gd
PASS B14 source fingerprint tests/PresentationCampPressure.tscn
PASS B14 source fingerprint tests/PresentationCapture.gd
PASS B14 source fingerprint tests/PresentationCapture.tscn
PASS B14 source fingerprint tests/PresentationContracts.gd
PASS B14 source fingerprint tests/PresentationContracts.tscn
PASS B14 source fingerprint tests/PresentationLifecycle.gd
PASS B14 source fingerprint tests/PresentationLifecycle.tscn
PASS B14 source fingerprint tests/PresentationRng.gd
PASS B14 source fingerprint tests/PresentationRng.tscn
PASS B14 source fingerprint tests/PresentationStates.gd
PASS B14 source fingerprint tests/PresentationStates.tscn
PASS B14 source fingerprint tests/PresentationWorld.gd
PASS B14 source fingerprint tests/PresentationWorld.tscn
PASS B14 source fingerprint tests/R1BackgroundInput.gd
PASS B14 source fingerprint tests/R1BackgroundInput.tscn
PASS B14 source fingerprint tests/R1BeamGrowth.gd
PASS B14 source fingerprint tests/R1BeamGrowth.tscn
PASS B14 source fingerprint tests/R1DepartureSave.gd
PASS B14 source fingerprint tests/R1DepartureSave.tscn
PASS B14 source fingerprint tests/R1ExitDiagnostic.gd
PASS B14 source fingerprint tests/R1ExitDiagnostic.tscn
PASS B14 source fingerprint tests/R1Flow.gd
PASS B14 source fingerprint tests/R1Flow.tscn
PASS B14 source fingerprint tests/R1LegacyRestore.gd
PASS B14 source fingerprint tests/R1LegacyRestore.tscn
PASS B14 source fingerprint tests/R1LongRun.gd
PASS B14 source fingerprint tests/R1LongRun.tscn
PASS B14 source fingerprint tests/R1Native.gd
PASS B14 source fingerprint tests/R1Native.tscn
PASS B14 source fingerprint tests/R1Persistence.gd
PASS B14 source fingerprint tests/R1Persistence.tscn
PASS B14 source fingerprint tests/R1RecoveryUI.gd
PASS B14 source fingerprint tests/R1RecoveryUI.tscn
PASS B14 source fingerprint tests/R1Regression.gd
PASS B14 source fingerprint tests/R1Regression.tscn
PASS B14 source fingerprint tests/R1SaveMatrix.gd
PASS B14 source fingerprint tests/R1SaveMatrix.tscn
PASS B14 source fingerprint tests/R1Timeline.gd
PASS B14 source fingerprint tests/R1Timeline.tscn
PASS B14 source fingerprint tests/R3ReturnMenu.gd
PASS B14 source fingerprint tests/R3ReturnMenu.tscn
PASS B14 source fingerprint tests/R3SpawnAudit.gd
PASS B14 source fingerprint tests/R3SpawnAudit.tscn
PASS B14 source fingerprint tests/SaveRunner.gd
PASS B14 source fingerprint tests/SaveRunner.tscn
PASS B14 source fingerprint tests/StatPanelShot.gd
PASS B14 source fingerprint tests/StatPanelShot.tscn
PASS B14 source fingerprint tests/TitleWordmark.gd
PASS B14 source fingerprint tests/TitleWordmark.tscn
PASS B14 source fingerprint tests/WeaponFireCapture.gd
PASS B14 source fingerprint tests/WeaponFireCapture.tscn
PASS B14 source fingerprint tests/WeaponPoseTable.gd
PASS B14 source fingerprint tests/WeaponPoseTable.tscn
PASS B14 source fingerprint tests/WindowPressure.gd
PASS B14 source fingerprint tests/WindowPressure.tscn
PASS B14 data fingerprint docs/iteration/evidence/b14/b14-horde-reference.json
PASS B14 data fingerprint docs/iteration/evidence/b14/b14-horde-calibrated.json
PASS B14 data fingerprint docs/iteration/evidence/b14/b14-horde-second-seed.json
PASS B14 data fingerprint docs/iteration/evidence/b14/b14-growth-matrix-release.json
PASS B14 data fingerprint docs/iteration/evidence/b14/b14-catalog-release.json
PASS B14 data fingerprint docs/iteration/evidence/b14/b14-encounter-after2.json
PASS B14 data fingerprint docs/iteration/evidence/b14/b14-encounter-coverage.json
PASS B14 data fingerprint docs/iteration/evidence/b14/b14-extension-elite-all.json
PASS B14 data fingerprint docs/iteration/evidence/b14/b14-extension-boss-before.json
PASS B14 data fingerprint docs/iteration/evidence/b14/b14-extension-boss-calibrated.json
PASS B14 data fingerprint docs/iteration/evidence/b14/b14-extension-wave-before.json
PASS B14 data fingerprint docs/iteration/evidence/b14/b14-extension-wave-after.json
PASS B14 data fingerprint docs/iteration/evidence/b14/b14-extension-wave-half-after.json
PASS complete 24-weapon bare/late moving reference retained
PASS all three parameter changes have paired moving remeasurement
PASS current coverage contains all 24 weapons and both builds
PASS moving result exists 3/bare
PASS same timed real movement/firing protocol 3/bare
PASS recorded combat parameters cover current product 3/bare
PASS moving result exists 3/late
PASS same timed real movement/firing protocol 3/late
PASS recorded combat parameters cover current product 3/late
PASS moving result exists 1/bare
PASS same timed real movement/firing protocol 1/bare
PASS recorded combat parameters cover current product 1/bare
PASS moving result exists 1/late
PASS same timed real movement/firing protocol 1/late
PASS recorded combat parameters cover current product 1/late
PASS moving result exists 0/bare
PASS same timed real movement/firing protocol 0/bare
PASS recorded combat parameters cover current product 0/bare
PASS moving result exists 0/late
PASS same timed real movement/firing protocol 0/late
PASS recorded combat parameters cover current product 0/late
PASS moving result exists 9/bare
PASS same timed real movement/firing protocol 9/bare
PASS recorded combat parameters cover current product 9/bare
PASS moving result exists 9/late
PASS same timed real movement/firing protocol 9/late
PASS recorded combat parameters cover current product 9/late
PASS moving result exists 2/bare
PASS same timed real movement/firing protocol 2/bare
PASS recorded combat parameters cover current product 2/bare
PASS moving result exists 2/late
PASS same timed real movement/firing protocol 2/late
PASS recorded combat parameters cover current product 2/late
PASS moving result exists 5/bare
PASS same timed real movement/firing protocol 5/bare
PASS recorded combat parameters cover current product 5/bare
PASS moving result exists 5/late
PASS same timed real movement/firing protocol 5/late
PASS recorded combat parameters cover current product 5/late
PASS moving result exists 8/bare
PASS same timed real movement/firing protocol 8/bare
PASS recorded combat parameters cover current product 8/bare
PASS moving result exists 8/late
PASS same timed real movement/firing protocol 8/late
PASS recorded combat parameters cover current product 8/late
PASS moving result exists 123/bare
PASS same timed real movement/firing protocol 123/bare
PASS recorded combat parameters cover current product 123/bare
PASS moving result exists 123/late
PASS same timed real movement/firing protocol 123/late
PASS recorded combat parameters cover current product 123/late
PASS moving result exists 7/bare
PASS same timed real movement/firing protocol 7/bare
PASS recorded combat parameters cover current product 7/bare
PASS moving result exists 7/late
PASS same timed real movement/firing protocol 7/late
PASS recorded combat parameters cover current product 7/late
PASS moving result exists 4/bare
PASS same timed real movement/firing protocol 4/bare
PASS recorded combat parameters cover current product 4/bare
PASS moving result exists 4/late
PASS same timed real movement/firing protocol 4/late
PASS recorded combat parameters cover current product 4/late
PASS moving result exists 117/bare
PASS same timed real movement/firing protocol 117/bare
PASS recorded combat parameters cover current product 117/bare
PASS moving result exists 117/late
PASS same timed real movement/firing protocol 117/late
PASS recorded combat parameters cover current product 117/late
PASS moving result exists 118/bare
PASS same timed real movement/firing protocol 118/bare
PASS recorded combat parameters cover current product 118/bare
PASS moving result exists 118/late
PASS same timed real movement/firing protocol 118/late
PASS recorded combat parameters cover current product 118/late
PASS moving result exists 115/bare
PASS same timed real movement/firing protocol 115/bare
PASS recorded combat parameters cover current product 115/bare
PASS moving result exists 115/late
PASS same timed real movement/firing protocol 115/late
PASS recorded combat parameters cover current product 115/late
PASS moving result exists 6/bare
PASS same timed real movement/firing protocol 6/bare
PASS recorded combat parameters cover current product 6/bare
PASS legendary sustains ordinary-horde clearing in fixed protocol 6/bare
PASS moving result exists 6/late
PASS same timed real movement/firing protocol 6/late
PASS recorded combat parameters cover current product 6/late
PASS legendary sustains ordinary-horde clearing in fixed protocol 6/late
PASS moving result exists 111/bare
PASS same timed real movement/firing protocol 111/bare
PASS recorded combat parameters cover current product 111/bare
PASS moving result exists 111/late
PASS same timed real movement/firing protocol 111/late
PASS recorded combat parameters cover current product 111/late
PASS moving result exists 112/bare
PASS same timed real movement/firing protocol 112/bare
PASS recorded combat parameters cover current product 112/bare
PASS legendary sustains ordinary-horde clearing in fixed protocol 112/bare
PASS moving result exists 112/late
PASS same timed real movement/firing protocol 112/late
PASS recorded combat parameters cover current product 112/late
PASS legendary sustains ordinary-horde clearing in fixed protocol 112/late
PASS moving result exists 114/bare
PASS same timed real movement/firing protocol 114/bare
PASS recorded combat parameters cover current product 114/bare
PASS moving result exists 114/late
PASS same timed real movement/firing protocol 114/late
PASS recorded combat parameters cover current product 114/late
PASS moving result exists 116/bare
PASS same timed real movement/firing protocol 116/bare
PASS recorded combat parameters cover current product 116/bare
PASS legendary sustains ordinary-horde clearing in fixed protocol 116/bare
PASS moving result exists 116/late
PASS same timed real movement/firing protocol 116/late
PASS recorded combat parameters cover current product 116/late
PASS legendary sustains ordinary-horde clearing in fixed protocol 116/late
PASS moving result exists 122/bare
PASS same timed real movement/firing protocol 122/bare
PASS recorded combat parameters cover current product 122/bare
PASS moving result exists 122/late
PASS same timed real movement/firing protocol 122/late
PASS recorded combat parameters cover current product 122/late
PASS moving result exists 113/bare
PASS same timed real movement/firing protocol 113/bare
PASS recorded combat parameters cover current product 113/bare
PASS moving result exists 113/late
PASS same timed real movement/firing protocol 113/late
PASS recorded combat parameters cover current product 113/late
PASS moving result exists 119/bare
PASS same timed real movement/firing protocol 119/bare
PASS recorded combat parameters cover current product 119/bare
PASS moving result exists 119/late
PASS same timed real movement/firing protocol 119/late
PASS recorded combat parameters cover current product 119/late
PASS moving result exists 120/bare
PASS same timed real movement/firing protocol 120/bare
PASS recorded combat parameters cover current product 120/bare
PASS moving result exists 120/late
PASS same timed real movement/firing protocol 120/late
PASS recorded combat parameters cover current product 120/late
PASS moving result exists 121/bare
PASS same timed real movement/firing protocol 121/bare
PASS recorded combat parameters cover current product 121/bare
PASS moving result exists 121/late
PASS same timed real movement/firing protocol 121/late
PASS recorded combat parameters cover current product 121/late
PASS moving result exists 124/bare
PASS same timed real movement/firing protocol 124/bare
PASS recorded combat parameters cover current product 124/bare
PASS legendary sustains ordinary-horde clearing in fixed protocol 124/bare
PASS moving result exists 124/late
PASS same timed real movement/firing protocol 124/late
PASS recorded combat parameters cover current product 124/late
PASS legendary sustains ordinary-horde clearing in fixed protocol 124/late
PASS five representative late encounters measured
PASS real late encounter is ordinary-led stage 29
PASS normal-health autonomous encounter completed stage 29
PASS real late encounter is ordinary-led stage 39
PASS normal-health autonomous encounter completed stage 39
PASS real late encounter is ordinary-led stage 21
PASS normal-health autonomous encounter completed stage 21
PASS real late encounter is ordinary-led stage 25
PASS normal-health autonomous encounter completed stage 25
PASS real late encounter is ordinary-led stage 35
PASS normal-health autonomous encounter completed stage 35
B14_EVIDENCE_WEAPONS CHECKS 741 FAILURES 0
